src/components/kanban-shared/KanbanColumn.tsx(810,1): error TS1127: Invalid character.
src/components/kanban-shared/KanbanColumn.tsx(810,2): error TS1127: Invalid character.
src/components/kanban-shared/KanbanColumn.tsx(810,3): error TS1127: Invalid character.
src/components/kanban-shared/KanbanColumn.tsx(810,4): error TS1127: Invalid character.
src/components/kanban-shared/KanbanColumn.tsx(810,5): error TS1127: Invalid character.
src/components/kanban-shared/KanbanColumn.tsx(810,6): error TS1127: Invalid character.
src/components/kanban-shared/KanbanColumn.tsx(810,7): error TS1127: Invalid character.
src/components/kanban-shared/KanbanColumn.tsx(810,8): error TS1127: Invalid character.
src/components/kanban-shared/KanbanColumn.tsx(810,9): error TS1127: Invalid character.
src/components/kanban-shared/KanbanColumn.tsx(810,10): error TS1127: Invalid character.
src/components/kanban-shared/KanbanColumn.tsx(810,11): error TS1127: Invalid character.
src/components/kanban-shared/KanbanColumn.tsx(810,12): error TS1127: Invalid character.
src/components/kanban-shared/KanbanColumn.tsx(810,13): error TS1127: Invalid character.
src/components/kanban-shared/KanbanColumn.tsx(810,14): error TS1127: Invalid character.
src/components/kanban-shared/KanbanColumn.tsx(810,15): error TS1127: Invalid character.
src/components/kanban-shared/KanbanColumn.tsx(810,16): error TS1127: Invalid character.
src/components/kanban-shared/KanbanColumn.tsx(810,17): error TS1127: Invalid character.
src/components/kanban-shared/KanbanColumn.tsx(810,18): error TS1127: Invalid character.
src/components/kanban-shared/KanbanColumn.tsx(810,19): error TS1127: Invalid character.
src/components/kanban-shared/KanbanColumn.tsx(810,20): error TS1127: Invalid character.
src/components/kanban-shared/KanbanColumn.tsx(810,21): error TS1127: Invalid character.
src/components/kanban-shared/KanbanColumn.tsx(810,22): error TS1127: Invalid character.
src/components/kanban-shared/KanbanColumn.tsx(810,23): error TS1127: Invalid character.
src/components/kanban-shared/KanbanColumn.tsx(810,24): error TS1127: Invalid character.
src/components/kanban-shared/KanbanColumn.tsx(810,25): error TS1127: Invalid character.
src/components/kanban-shared/KanbanColumn.tsx(810,26): error TS1127: Invalid character.
src/components/kanban-shared/KanbanColumn.tsx(810,27): error TS1127: Invalid character.
src/components/kanban-shared/KanbanColumn.tsx(810,28): error TS1127: Invalid character.
src/components/kanban-shared/KanbanColumn.tsx(810,29): error TS1127: Invalid character.
src/components/kanban-shared/KanbanColumn.tsx(810,30): error TS1127: Invalid character.
src/components/kanban-shared/KanbanColumn.tsx(810,31): error TS1127: Invalid character.
src/components/kanban-shared/KanbanColumn.tsx(810,32): error TS1127: Invalid character.
src/components/kanban-shared/KanbanColumn.tsx(810,33): error TS1127: Invalid character.
src/components/kanban-shared/KanbanColumn.tsx(810,34): error TS1127: Invalid character.
src/components/kanban-shared/KanbanColumn.tsx(810,35): error TS1127: Invalid character.
src/components/kanban-shared/KanbanColumn.tsx(810,36): error TS1127: Invalid character.
src/components/kanban-shared/KanbanColumn.tsx(810,37): error TS1127: Invalid character.
src/components/kanban-shared/KanbanColumn.tsx(810,38): error TS1127: Invalid character.
src/components/kanban-shared/KanbanColumn.tsx(810,39): error TS1127: Invalid character.
src/components/kanban-shared/KanbanColumn.tsx(810,40): error TS1127: Invalid character.
src/components/kanban-shared/KanbanColumn.tsx(810,41): error TS1127: Invalid character.
src/components/kanban-shared/KanbanColumn.tsx(810,42): error TS1127: Invalid character.
src/components/kanban-shared/KanbanColumn.tsx(810,43): error TS1127: Invalid character.
src/components/kanban-shared/KanbanColumn.tsx(810,44): error TS1127: Invalid character.
src/components/kanban-shared/KanbanColumn.tsx(810,45): error TS1127: Invalid character.
src/components/kanban-shared/KanbanColumn.tsx(810,46): error TS1127: Invalid character.
src/components/kanban-shared/KanbanColumn.tsx(810,47): error TS1127: Invalid character.
src/components/kanban-shared/KanbanColumn.tsx(810,48): error TS1127: Invalid character.
src/components/kanban-shared/KanbanColumn.tsx(810,49): error TS1127: Invalid character.
src/components/kanban-shared/KanbanColumn.tsx(810,50): error TS1127: Invalid character.
src/components/kanban-shared/KanbanColumn.tsx(810,51): error TS1127: Invalid character.
src/components/kanban-shared/KanbanColumn.tsx(810,52): error TS1127: Invalid character.
src/components/kanban-shared/KanbanColumn.tsx(810,53): error TS1127: Invalid character.
src/components/kanban-shared/KanbanColumn.tsx(810,54): error TS1127: Invalid character.
src/components/kanban-shared/KanbanColumn.tsx(810,55): error TS1127: Invalid character.
src/components/kanban-shared/KanbanColumn.tsx(810,56): error TS1127: Invalid character.
src/components/kanban-shared/KanbanColumn.tsx(810,57): error TS1127: Invalid character.
src/components/kanban-shared/KanbanColumn.tsx(810,58): error TS1127: Invalid character.
src/components/kanban-shared/KanbanColumn.tsx(810,59): error TS1127: Invalid character.
src/components/kanban-shared/KanbanColumn.tsx(810,60): error TS1127: Invalid character.
src/components/kanban-shared/KanbanColumn.tsx(810,61): error TS1127: Invalid character.
src/components/kanban-shared/KanbanColumn.tsx(810,62): error TS1127: Invalid character.
src/components/kanban-shared/KanbanColumn.tsx(810,63): error TS1127: Invalid character.
src/components/kanban-shared/KanbanColumn.tsx(810,64): error TS1127: Invalid character.
src/components/kanban-shared/KanbanColumn.tsx(810,65): error TS1127: Invalid character.
src/components/kanban-shared/KanbanColumn.tsx(810,66): error TS1127: Invalid character.
src/components/kanban-shared/KanbanColumn.tsx(810,67): error TS1127: Invalid character.
src/components/kanban-shared/KanbanColumn.tsx(810,68): error TS1127: Invalid character.
src/components/kanban-shared/KanbanColumn.tsx(810,69): error TS1127: Invalid character.
src/components/kanban-shared/KanbanColumn.tsx(810,70): error TS1127: Invalid character.
src/components/kanban-shared/KanbanColumn.tsx(810,71): error TS1127: Invalid character.
src/components/kanban-shared/KanbanColumn.tsx(810,72): error TS1127: Invalid character.
src/components/kanban-shared/KanbanColumn.tsx(810,73): error TS1127: Invalid character.
src/components/kanban-shared/KanbanColumn.tsx(810,74): error TS1127: Invalid character.
src/components/kanban-shared/KanbanColumn.tsx(810,75): error TS1127: Invalid character.
src/components/kanban-shared/KanbanColumn.tsx(810,76): error TS1127: Invalid character.
src/components/kanban-shared/KanbanColumn.tsx(810,77): error TS1127: Invalid character.
src/components/kanban-shared/KanbanColumn.tsx(810,78): error TS1127: Invalid character.
src/components/kanban-shared/KanbanColumn.tsx(810,79): error TS1127: Invalid character.
src/components/kanban-shared/KanbanColumn.tsx(810,80): error TS1127: Invalid character.
src/components/kanban-shared/KanbanColumn.tsx(810,81): error TS1127: Invalid character.
src/components/kanban-shared/KanbanColumn.tsx(810,82): error TS1127: Invalid character.
src/components/kanban-shared/KanbanColumn.tsx(810,83): error TS1127: Invalid character.
src/components/kanban-shared/KanbanColumn.tsx(810,84): error TS1127: Invalid character.
src/components/kanban-shared/KanbanColumn.tsx(810,85): error TS1127: Invalid character.
src/components/kanban-shared/KanbanColumn.tsx(810,86): error TS1127: Invalid character.
src/components/kanban-shared/KanbanColumn.tsx(810,87): error TS1127: Invalid character.
src/components/kanban-shared/KanbanColumn.tsx(810,88): error TS1127: Invalid character.
src/components/kanban-shared/KanbanColumn.tsx(810,89): error TS1127: Invalid character.
src/components/kanban-shared/KanbanColumn.tsx(810,90): error TS1127: Invalid character.
src/components/kanban-shared/KanbanColumn.tsx(810,91): error TS1127: Invalid character.
src/components/kanban-shared/KanbanColumn.tsx(810,92): error TS1127: Invalid character.
src/components/kanban-shared/KanbanColumn.tsx(810,93): error TS1127: Invalid character.
src/components/kanban-shared/KanbanColumn.tsx(810,94): error TS1127: Invalid character.
src/components/kanban-shared/KanbanColumn.tsx(810,95): error TS1127: Invalid character.
src/components/kanban-shared/KanbanColumn.tsx(810,96): error TS1127: Invalid character.
src/components/kanban-shared/KanbanColumn.tsx(810,97): error TS1127: Invalid character.
src/components/kanban-shared/KanbanColumn.tsx(810,98): error TS1127: Invalid character.
src/components/kanban-shared/KanbanColumn.tsx(810,99): error TS1127: Invalid character.
src/components/kanban-shared/KanbanColumn.tsx(810,100): error TS1127: Invalid character.
src/components/kanban-shared/KanbanColumn.tsx(810,101): error TS1127: Invalid character.
src/components/kanban-shared/KanbanColumn.tsx(810,102): error TS1127: Invalid character.
src/components/kanban-shared/KanbanColumn.tsx(810,103): error TS1127: Invalid character.
src/components/kanban-shared/KanbanColumn.tsx(810,104): error TS1127: Invalid character.
src/components/kanban-shared/KanbanColumn.tsx(810,105): error TS1127: Invalid character.
src/components/kanban-shared/KanbanColumn.tsx(810,106): error TS1127: Invalid character.
src/components/kanban-shared/KanbanColumn.tsx(810,107): error TS1127: Invalid character.
src/components/kanban-shared/KanbanColumn.tsx(810,108): error TS1127: Invalid character.
src/components/kanban-shared/KanbanColumn.tsx(810,109): error TS1127: Invalid character.
src/components/kanban-shared/KanbanColumn.tsx(810,110): error TS1127: Invalid character.
src/components/kanban-shared/KanbanColumn.tsx(810,111): error TS1127: Invalid character.
src/components/kanban-shared/KanbanColumn.tsx(810,112): error TS1127: Invalid character.
src/components/kanban-shared/KanbanColumn.tsx(810,113): error TS1127: Invalid character.
src/components/kanban-shared/KanbanColumn.tsx(810,114): error TS1127: Invalid character.
src/components/kanban-shared/KanbanColumn.tsx(810,115): error TS1127: Invalid character.
src/components/kanban-shared/KanbanColumn.tsx(810,116): error TS1127: Invalid character.
src/components/kanban-shared/KanbanColumn.tsx(810,117): error TS1127: Invalid character.
src/components/kanban-shared/KanbanColumn.tsx(810,118): error TS1127: Invalid character.
src/components/kanban-shared/KanbanColumn.tsx(810,119): error TS1127: Invalid character.
src/components/kanban-shared/KanbanColumn.tsx(810,120): error TS1127: Invalid character.
src/components/kanban-shared/KanbanColumn.tsx(810,121): error TS1127: Invalid character.
src/components/kanban-shared/KanbanColumn.tsx(810,122): error TS1127: Invalid character.
src/components/kanban-shared/KanbanColumn.tsx(810,123): error TS1127: Invalid character.
src/components/kanban-shared/KanbanColumn.tsx(810,124): error TS1127: Invalid character.
src/components/kanban-shared/KanbanColumn.tsx(810,125): error TS1127: Invalid character.
src/components/kanban-shared/KanbanColumn.tsx(810,126): error TS1127: Invalid character.
src/components/kanban-shared/KanbanColumn.tsx(810,127): error TS1127: Invalid character.
src/components/kanban-shared/KanbanColumn.tsx(810,128): error TS1127: Invalid character.
src/components/kanban-shared/KanbanColumn.tsx(810,129): error TS1127: Invalid character.
src/components/kanban-shared/KanbanColumn.tsx(810,130): error TS1127: Invalid character.
src/components/kanban-shared/KanbanColumn.tsx(810,131): error TS1127: Invalid character.
src/components/kanban-shared/KanbanColumn.tsx(810,132): error TS1127: Invalid character.
src/components/kanban-shared/KanbanColumn.tsx(810,133): error TS1127: Invalid character.
src/components/kanban-shared/KanbanColumn.tsx(810,134): error TS1127: Invalid character.
src/components/kanban-shared/KanbanColumn.tsx(810,135): error TS1127: Invalid character.
src/components/kanban-shared/KanbanColumn.tsx(810,136): error TS1127: Invalid character.
src/components/kanban-shared/KanbanColumn.tsx(810,137): error TS1127: Invalid character.
src/components/kanban-shared/KanbanColumn.tsx(810,138): error TS1127: Invalid character.
src/components/kanban-shared/KanbanColumn.tsx(810,139): error TS1127: Invalid character.
src/components/kanban-shared/KanbanColumn.tsx(810,140): error TS1127: Invalid character.
src/components/kanban-shared/KanbanColumn.tsx(810,141): error TS1127: Invalid character.
src/components/kanban-shared/KanbanColumn.tsx(810,142): error TS1127: Invalid character.
src/components/kanban-shared/KanbanColumn.tsx(810,143): error TS1127: Invalid character.
src/components/kanban-shared/KanbanColumn.tsx(810,144): error TS1127: Invalid character.
src/components/kanban-shared/KanbanColumn.tsx(810,145): error TS1127: Invalid character.
src/components/kanban-shared/KanbanColumn.tsx(810,146): error TS1127: Invalid character.
src/components/kanban-shared/KanbanColumn.tsx(810,147): error TS1127: Invalid character.
src/components/kanban-shared/KanbanColumn.tsx(810,148): error TS1127: Invalid character.
src/components/kanban-shared/KanbanColumn.tsx(810,149): error TS1127: Invalid character.
src/components/kanban-shared/KanbanColumn.tsx(810,150): error TS1127: Invalid character.
src/components/kanban-shared/KanbanColumn.tsx(810,151): error TS1127: Invalid character.
src/components/kanban-shared/KanbanColumn.tsx(810,152): error TS1127: Invalid character.
src/components/kanban-shared/KanbanColumn.tsx(810,153): error TS1127: Invalid character.
src/components/kanban-shared/KanbanColumn.tsx(810,154): error TS1127: Invalid character.
src/components/kanban-shared/KanbanColumn.tsx(810,155): error TS1127: Invalid character.
src/components/kanban-shared/KanbanColumn.tsx(810,156): error TS1127: Invalid character.
src/components/kanban-shared/KanbanColumn.tsx(810,157): error TS1127: Invalid character.
src/components/kanban-shared/KanbanColumn.tsx(810,158): error TS1127: Invalid character.
src/components/kanban-shared/KanbanColumn.tsx(810,159): error TS1127: Invalid character.
src/components/kanban-shared/KanbanColumn.tsx(810,160): error TS1127: Invalid character.
src/components/kanban-shared/KanbanColumn.tsx(810,161): error TS1127: Invalid character.
src/components/kanban-shared/KanbanColumn.tsx(810,162): error TS1127: Invalid character.
src/components/kanban-shared/KanbanColumn.tsx(810,163): error TS1127: Invalid character.
src/components/kanban-shared/KanbanColumn.tsx(810,164): error TS1127: Invalid character.
src/components/kanban-shared/KanbanColumn.tsx(810,165): error TS1127: Invalid character.
src/components/kanban-shared/KanbanColumn.tsx(810,166): error TS1127: Invalid character.
src/components/kanban-shared/KanbanColumn.tsx(810,167): error TS1127: Invalid character.
src/components/kanban-shared/KanbanColumn.tsx(810,168): error TS1127: Invalid character.
src/components/kanban-shared/KanbanColumn.tsx(810,169): error TS1127: Invalid character.
src/components/kanban-shared/KanbanColumn.tsx(810,170): error TS1127: Invalid character.
src/components/kanban-shared/KanbanColumn.tsx(810,171): error TS1127: Invalid character.
src/components/kanban-shared/KanbanColumn.tsx(810,172): error TS1127: Invalid character.
src/components/kanban-shared/KanbanColumn.tsx(810,173): error TS1127: Invalid character.
src/components/kanban-shared/KanbanColumn.tsx(810,174): error TS1127: Invalid character.
src/components/kanban-shared/KanbanColumn.tsx(810,175): error TS1127: Invalid character.
src/components/kanban-shared/KanbanColumn.tsx(810,176): error TS1127: Invalid character.
src/components/kanban-shared/KanbanColumn.tsx(810,177): error TS1127: Invalid character.
src/components/kanban-shared/KanbanColumn.tsx(810,178): error TS1127: Invalid character.
src/components/kanban-shared/KanbanColumn.tsx(810,179): error TS1127: Invalid character.
src/components/kanban-shared/KanbanColumn.tsx(810,180): error TS1127: Invalid character.
src/components/kanban-shared/KanbanColumn.tsx(810,181): error TS1127: Invalid character.
src/components/kanban-shared/KanbanColumn.tsx(810,182): error TS1127: Invalid character.
src/components/kanban-shared/KanbanColumn.tsx(810,183): error TS1127: Invalid character.
src/components/kanban-shared/KanbanColumn.tsx(810,184): error TS1127: Invalid character.
src/components/kanban-shared/KanbanColumn.tsx(810,185): error TS1127: Invalid character.
src/components/kanban-shared/KanbanColumn.tsx(810,186): error TS1127: Invalid character.
src/components/kanban-shared/KanbanColumn.tsx(810,187): error TS1127: Invalid character.
src/components/kanban-shared/KanbanColumn.tsx(810,188): error TS1127: Invalid character.
src/components/kanban-shared/KanbanColumn.tsx(810,189): error TS1127: Invalid character.
src/components/kanban-shared/KanbanColumn.tsx(810,190): error TS1127: Invalid character.
src/components/kanban-shared/KanbanColumn.tsx(810,191): error TS1127: Invalid character.
src/components/kanban-shared/KanbanColumn.tsx(810,192): error TS1127: Invalid character.
src/components/kanban-shared/KanbanColumn.tsx(810,193): error TS1127: Invalid character.
src/components/kanban-shared/KanbanColumn.tsx(810,194): error TS1127: Invalid character.
src/components/kanban-shared/KanbanColumn.tsx(810,195): error TS1127: Invalid character.
src/components/kanban-shared/KanbanColumn.tsx(810,196): error TS1127: Invalid character.
src/components/kanban-shared/KanbanColumn.tsx(810,197): error TS1127: Invalid character.
src/components/kanban-shared/KanbanColumn.tsx(810,198): error TS1127: Invalid character.
src/components/kanban-shared/KanbanColumn.tsx(810,199): error TS1127: Invalid character.
src/components/kanban-shared/KanbanColumn.tsx(810,200): error TS1127: Invalid character.
src/components/kanban-shared/KanbanColumn.tsx(810,201): error TS1127: Invalid character.
src/components/kanban-shared/KanbanColumn.tsx(810,202): error TS1127: Invalid character.
src/components/kanban-shared/KanbanColumn.tsx(810,203): error TS1127: Invalid character.
src/components/kanban-shared/KanbanColumn.tsx(810,204): error TS1127: Invalid character.
src/components/kanban-shared/KanbanColumn.tsx(810,205): error TS1127: Invalid character.
src/components/kanban-shared/KanbanColumn.tsx(810,206): error TS1127: Invalid character.
src/components/kanban-shared/KanbanColumn.tsx(810,207): error TS1127: Invalid character.
src/components/kanban-shared/KanbanColumn.tsx(810,208): error TS1127: Invalid character.
src/components/kanban-shared/KanbanColumn.tsx(810,209): error TS1127: Invalid character.
src/components/kanban-shared/KanbanColumn.tsx(810,210): error TS1127: Invalid character.
src/components/kanban-shared/KanbanColumn.tsx(810,211): error TS1127: Invalid character.
src/components/kanban-shared/KanbanColumn.tsx(810,212): error TS1127: Invalid character.
src/components/kanban-shared/KanbanColumn.tsx(810,213): error TS1127: Invalid character.
src/components/kanban-shared/KanbanColumn.tsx(810,214): error TS1127: Invalid character.
src/components/kanban-shared/KanbanColumn.tsx(810,215): error TS1127: Invalid character.
src/components/kanban-shared/KanbanColumn.tsx(810,216): error TS1127: Invalid character.
src/components/kanban-shared/KanbanColumn.tsx(810,217): error TS1127: Invalid character.
src/components/kanban-shared/KanbanColumn.tsx(810,218): error TS1127: Invalid character.
src/components/kanban-shared/KanbanColumn.tsx(810,219): error TS1127: Invalid character.
src/components/kanban-shared/KanbanColumn.tsx(810,220): error TS1127: Invalid character.
src/components/kanban-shared/KanbanColumn.tsx(810,221): error TS1127: Invalid character.
src/components/kanban-shared/KanbanColumn.tsx(810,222): error TS1127: Invalid character.
src/components/kanban-shared/KanbanColumn.tsx(810,223): error TS1127: Invalid character.
src/components/kanban-shared/KanbanColumn.tsx(810,224): error TS1127: Invalid character.
src/components/kanban-shared/KanbanColumn.tsx(810,225): error TS1127: Invalid character.
src/components/kanban-shared/KanbanColumn.tsx(810,226): error TS1127: Invalid character.
src/components/kanban-shared/KanbanColumn.tsx(810,227): error TS1127: Invalid character.
src/components/kanban-shared/KanbanColumn.tsx(810,228): error TS1127: Invalid character.
src/components/kanban-shared/KanbanColumn.tsx(810,229): error TS1127: Invalid character.
src/components/kanban-shared/KanbanColumn.tsx(810,230): error TS1127: Invalid character.
src/components/kanban-shared/KanbanColumn.tsx(810,231): error TS1127: Invalid character.
src/components/kanban-shared/KanbanColumn.tsx(810,232): error TS1127: Invalid character.
src/components/kanban-shared/KanbanColumn.tsx(810,233): error TS1127: Invalid character.
src/components/kanban-shared/KanbanColumn.tsx(810,234): error TS1127: Invalid character.
src/components/kanban-shared/KanbanColumn.tsx(810,235): error TS1127: Invalid character.
src/components/kanban-shared/KanbanColumn.tsx(810,236): error TS1127: Invalid character.
src/components/kanban-shared/KanbanColumn.tsx(810,237): error TS1127: Invalid character.
src/components/kanban-shared/KanbanColumn.tsx(810,238): error TS1127: Invalid character.
src/components/kanban-shared/KanbanColumn.tsx(810,239): error TS1127: Invalid character.
src/components/kanban-shared/KanbanColumn.tsx(810,240): error TS1127: Invalid character.
src/components/kanban-shared/KanbanColumn.tsx(810,241): error TS1127: Invalid character.
src/components/kanban-shared/KanbanColumn.tsx(810,242): error TS1127: Invalid character.
src/components/kanban-shared/KanbanColumn.tsx(810,243): error TS1127: Invalid character.
src/components/kanban-shared/KanbanColumn.tsx(810,244): error TS1127: Invalid character.
src/components/kanban-shared/KanbanColumn.tsx(810,245): error TS1127: Invalid character.
src/components/kanban-shared/KanbanColumn.tsx(810,246): error TS1127: Invalid character.
src/components/kanban-shared/KanbanColumn.tsx(810,247): error TS1127: Invalid character.
src/components/kanban-shared/KanbanColumn.tsx(810,248): error TS1127: Invalid character.
src/components/kanban-shared/KanbanColumn.tsx(810,249): error TS1127: Invalid character.
src/components/kanban-shared/KanbanColumn.tsx(810,250): error TS1127: Invalid character.
src/components/kanban-shared/KanbanColumn.tsx(810,251): error TS1127: Invalid character.
src/components/kanban-shared/KanbanColumn.tsx(810,252): error TS1127: Invalid character.
src/components/kanban-shared/KanbanColumn.tsx(810,253): error TS1127: Invalid character.
src/components/kanban-shared/KanbanColumn.tsx(810,254): error TS1127: Invalid character.
src/components/kanban-shared/KanbanColumn.tsx(810,255): error TS1127: Invalid character.
src/components/kanban-shared/KanbanColumn.tsx(810,256): error TS1127: Invalid character.
src/components/kanban-shared/KanbanColumn.tsx(810,257): error TS1127: Invalid character.
src/components/kanban-shared/KanbanColumn.tsx(810,258): error TS1127: Invalid character.
src/components/kanban-shared/KanbanColumn.tsx(810,259): error TS1127: Invalid character.
src/components/kanban-shared/KanbanColumn.tsx(810,260): error TS1127: Invalid character.
src/components/kanban-shared/KanbanColumn.tsx(810,261): error TS1127: Invalid character.
src/components/kanban-shared/KanbanColumn.tsx(810,262): error TS1127: Invalid character.
src/components/kanban-shared/KanbanColumn.tsx(810,263): error TS1127: Invalid character.
src/components/kanban-shared/KanbanColumn.tsx(810,264): error TS1127: Invalid character.
src/components/kanban-shared/KanbanColumn.tsx(810,265): error TS1127: Invalid character.
src/components/kanban-shared/KanbanColumn.tsx(810,266): error TS1127: Invalid character.
src/components/kanban-shared/KanbanColumn.tsx(810,267): error TS1127: Invalid character.
src/components/kanban-shared/KanbanColumn.tsx(810,268): error TS1127: Invalid character.
src/components/kanban-shared/KanbanColumn.tsx(810,269): error TS1127: Invalid character.
src/components/kanban-shared/KanbanColumn.tsx(810,270): error TS1127: Invalid character.
src/components/kanban-shared/KanbanColumn.tsx(810,271): error TS1127: Invalid character.
src/components/kanban-shared/KanbanColumn.tsx(810,272): error TS1127: Invalid character.
src/components/kanban-shared/KanbanColumn.tsx(810,273): error TS1127: Invalid character.
src/components/kanban-shared/KanbanColumn.tsx(810,274): error TS1127: Invalid character.
src/components/kanban-shared/KanbanColumn.tsx(810,275): error TS1127: Invalid character.
src/components/kanban-shared/KanbanColumn.tsx(810,276): error TS1127: Invalid character.
src/components/kanban-shared/KanbanColumn.tsx(810,277): error TS1127: Invalid character.
src/components/kanban-shared/KanbanColumn.tsx(810,278): error TS1127: Invalid character.
src/components/kanban-shared/KanbanColumn.tsx(810,279): error TS1127: Invalid character.
src/components/kanban-shared/KanbanColumn.tsx(810,280): error TS1127: Invalid character.
src/components/kanban-shared/KanbanColumn.tsx(810,281): error TS1127: Invalid character.
src/components/kanban-shared/KanbanColumn.tsx(810,282): error TS1127: Invalid character.
src/components/kanban-shared/KanbanColumn.tsx(810,283): error TS1127: Invalid character.
src/components/kanban-shared/KanbanColumn.tsx(810,284): error TS1127: Invalid character.
src/components/kanban-shared/KanbanColumn.tsx(810,285): error TS1127: Invalid character.
src/components/kanban-shared/KanbanColumn.tsx(810,286): error TS1127: Invalid character.
src/components/kanban-shared/KanbanColumn.tsx(810,287): error TS1127: Invalid character.
src/components/kanban-shared/KanbanColumn.tsx(810,288): error TS1127: Invalid character.
src/components/kanban-shared/KanbanColumn.tsx(810,289): error TS1127: Invalid character.
src/components/kanban-shared/KanbanColumn.tsx(810,290): error TS1127: Invalid character.
src/components/kanban-shared/KanbanColumn.tsx(810,291): error TS1127: Invalid character.
src/components/kanban-shared/KanbanColumn.tsx(810,292): error TS1127: Invalid character.
src/components/kanban-shared/KanbanColumn.tsx(810,293): error TS1127: Invalid character.
src/components/kanban-shared/KanbanColumn.tsx(810,294): error TS1127: Invalid character.
src/components/kanban-shared/KanbanColumn.tsx(810,295): error TS1127: Invalid character.
src/components/kanban-shared/KanbanColumn.tsx(810,296): error TS1127: Invalid character.
src/components/kanban-shared/KanbanColumn.tsx(810,297): error TS1127: Invalid character.
src/components/kanban-shared/KanbanColumn.tsx(810,298): error TS1127: Invalid character.
src/components/kanban-shared/KanbanColumn.tsx(810,299): error TS1127: Invalid character.
src/components/kanban-shared/KanbanColumn.tsx(810,300): error TS1127: Invalid character.
src/components/kanban-shared/KanbanColumn.tsx(810,301): error TS1127: Invalid character.
src/components/kanban-shared/KanbanColumn.tsx(810,302): error TS1127: Invalid character.
src/components/kanban-shared/KanbanColumn.tsx(810,303): error TS1127: Invalid character.
src/components/kanban-shared/KanbanColumn.tsx(810,304): error TS1127: Invalid character.
src/components/kanban-shared/KanbanColumn.tsx(810,305): error TS1127: Invalid character.
src/components/kanban-shared/KanbanColumn.tsx(810,306): error TS1127: Invalid character.
src/components/kanban-shared/KanbanColumn.tsx(810,307): error TS1127: Invalid character.
src/components/kanban-shared/KanbanColumn.tsx(810,308): error TS1127: Invalid character.
src/components/kanban-shared/KanbanColumn.tsx(810,309): error TS1127: Invalid character.
src/components/kanban-shared/KanbanColumn.tsx(810,310): error TS1127: Invalid character.
src/components/kanban-shared/KanbanColumn.tsx(810,311): error TS1127: Invalid character.
src/components/kanban-shared/KanbanColumn.tsx(810,312): error TS1127: Invalid character.
src/components/kanban-shared/KanbanColumn.tsx(810,313): error TS1127: Invalid character.
src/components/kanban-shared/KanbanColumn.tsx(810,314): error TS1127: Invalid character.
src/components/kanban-shared/KanbanColumn.tsx(810,315): error TS1127: Invalid character.
src/components/kanban-shared/KanbanColumn.tsx(810,316): error TS1127: Invalid character.
src/components/kanban-shared/KanbanColumn.tsx(810,317): error TS1127: Invalid character.
src/components/kanban-shared/KanbanColumn.tsx(810,318): error TS1127: Invalid character.
src/components/kanban-shared/KanbanColumn.tsx(810,319): error TS1127: Invalid character.
src/components/kanban-shared/KanbanColumn.tsx(810,320): error TS1127: Invalid character.
src/components/kanban-shared/KanbanColumn.tsx(810,321): error TS1127: Invalid character.
src/components/kanban-shared/KanbanColumn.tsx(810,322): error TS1127: Invalid character.
src/components/kanban-shared/KanbanColumn.tsx(810,323): error TS1127: Invalid character.
src/components/kanban-shared/KanbanColumn.tsx(810,324): error TS1127: Invalid character.
src/components/kanban-shared/KanbanColumn.tsx(810,325): error TS1127: Invalid character.
src/components/kanban-shared/KanbanColumn.tsx(810,326): error TS1127: Invalid character.
src/components/kanban-shared/KanbanColumn.tsx(810,327): error TS1127: Invalid character.
src/components/kanban-shared/KanbanColumn.tsx(810,328): error TS1127: Invalid character.
src/components/kanban-shared/KanbanColumn.tsx(810,329): error TS1127: Invalid character.
src/components/kanban-shared/KanbanColumn.tsx(810,330): error TS1127: Invalid character.
src/components/kanban-shared/KanbanColumn.tsx(810,331): error TS1127: Invalid character.
src/components/kanban-shared/KanbanColumn.tsx(810,332): error TS1127: Invalid character.
src/components/kanban-shared/KanbanColumn.tsx(810,333): error TS1127: Invalid character.
src/components/kanban-shared/KanbanColumn.tsx(810,334): error TS1127: Invalid character.
src/components/kanban-shared/KanbanColumn.tsx(810,335): error TS1127: Invalid character.
src/components/kanban-shared/KanbanColumn.tsx(810,336): error TS1127: Invalid character.
src/components/kanban-shared/KanbanColumn.tsx(810,337): error TS1127: Invalid character.
src/components/kanban-shared/KanbanColumn.tsx(810,338): error TS1127: Invalid character.
src/components/kanban-shared/KanbanColumn.tsx(810,339): error TS1127: Invalid character.
src/components/kanban-shared/KanbanColumn.tsx(810,340): error TS1127: Invalid character.
src/components/kanban-shared/KanbanColumn.tsx(810,341): error TS1127: Invalid character.
src/components/kanban-shared/KanbanColumn.tsx(810,342): error TS1127: Invalid character.
src/components/kanban-shared/KanbanColumn.tsx(810,343): error TS1127: Invalid character.
src/components/kanban-shared/KanbanColumn.tsx(810,344): error TS1127: Invalid character.
src/components/kanban-shared/KanbanColumn.tsx(810,345): error TS1127: Invalid character.
src/components/kanban-shared/KanbanColumn.tsx(810,346): error TS1127: Invalid character.
src/components/kanban-shared/KanbanColumn.tsx(810,347): error TS1127: Invalid character.
src/components/kanban-shared/KanbanColumn.tsx(810,348): error TS1127: Invalid character.
src/components/kanban-shared/KanbanColumn.tsx(810,349): error TS1127: Invalid character.
src/components/kanban-shared/KanbanColumn.tsx(810,350): error TS1127: Invalid character.
src/components/kanban-shared/KanbanColumn.tsx(810,351): error TS1127: Invalid character.
src/components/kanban-shared/KanbanColumn.tsx(810,352): error TS1127: Invalid character.
src/components/kanban-shared/KanbanColumn.tsx(810,353): error TS1127: Invalid character.
src/components/kanban-shared/KanbanColumn.tsx(810,354): error TS1127: Invalid character.
src/components/kanban-shared/KanbanColumn.tsx(810,355): error TS1127: Invalid character.
src/components/kanban-shared/KanbanColumn.tsx(810,356): error TS1127: Invalid character.
src/components/kanban-shared/KanbanColumn.tsx(810,357): error TS1127: Invalid character.
src/components/kanban-shared/KanbanColumn.tsx(810,358): error TS1127: Invalid character.
src/components/kanban-shared/KanbanColumn.tsx(810,359): error TS1127: Invalid character.
src/components/kanban-shared/KanbanColumn.tsx(810,360): error TS1127: Invalid character.
src/components/kanban-shared/KanbanColumn.tsx(810,361): error TS1127: Invalid character.
src/components/kanban-shared/KanbanColumn.tsx(810,362): error TS1127: Invalid character.
src/components/kanban-shared/KanbanColumn.tsx(810,363): error TS1127: Invalid character.
src/components/kanban-shared/KanbanColumn.tsx(810,364): error TS1127: Invalid character.
src/components/kanban-shared/KanbanColumn.tsx(810,365): error TS1127: Invalid character.
src/components/kanban-shared/KanbanColumn.tsx(810,366): error TS1127: Invalid character.
src/components/kanban-shared/KanbanColumn.tsx(810,367): error TS1127: Invalid character.
src/components/kanban-shared/KanbanColumn.tsx(810,368): error TS1127: Invalid character.
src/components/kanban-shared/KanbanColumn.tsx(810,369): error TS1127: Invalid character.
src/components/kanban-shared/KanbanColumn.tsx(810,370): error TS1127: Invalid character.
src/components/kanban-shared/KanbanColumn.tsx(810,371): error TS1127: Invalid character.
src/components/kanban-shared/KanbanColumn.tsx(810,372): error TS1127: Invalid character.
src/components/kanban-shared/KanbanColumn.tsx(810,373): error TS1127: Invalid character.
src/components/kanban-shared/KanbanColumn.tsx(810,374): error TS1127: Invalid character.
src/components/kanban-shared/KanbanColumn.tsx(810,375): error TS1127: Invalid character.
src/components/kanban-shared/KanbanColumn.tsx(810,376): error TS1127: Invalid character.
src/components/kanban-shared/KanbanColumn.tsx(810,377): error TS1127: Invalid character.
src/components/kanban-shared/KanbanColumn.tsx(810,378): error TS1127: Invalid character.
src/components/kanban-shared/KanbanColumn.tsx(810,379): error TS1127: Invalid character.
src/components/kanban-shared/KanbanColumn.tsx(810,380): error TS1127: Invalid character.
src/components/kanban-shared/KanbanColumn.tsx(810,381): error TS1127: Invalid character.
src/components/kanban-shared/KanbanColumn.tsx(810,382): error TS1127: Invalid character.
src/components/kanban-shared/KanbanColumn.tsx(810,383): error TS1127: Invalid character.
src/components/kanban-shared/KanbanColumn.tsx(810,384): error TS1127: Invalid character.
src/components/kanban-shared/KanbanColumn.tsx(810,385): error TS1127: Invalid character.
src/components/kanban-shared/KanbanColumn.tsx(810,386): error TS1127: Invalid character.
src/components/kanban-shared/KanbanColumn.tsx(810,387): error TS1127: Invalid character.
src/components/kanban-shared/KanbanColumn.tsx(810,388): error TS1127: Invalid character.
src/components/kanban-shared/KanbanColumn.tsx(810,389): error TS1127: Invalid character.
src/components/kanban-shared/KanbanColumn.tsx(810,390): error TS1127: Invalid character.
src/components/kanban-shared/KanbanColumn.tsx(810,391): error TS1127: Invalid character.
src/components/kanban-shared/KanbanColumn.tsx(810,392): error TS1127: Invalid character.
src/components/kanban-shared/KanbanColumn.tsx(810,393): error TS1127: Invalid character.
src/components/kanban-shared/KanbanColumn.tsx(810,394): error TS1127: Invalid character.
src/components/kanban-shared/KanbanColumn.tsx(810,395): error TS1127: Invalid character.
src/components/kanban-shared/KanbanColumn.tsx(810,396): error TS1127: Invalid character.
src/components/kanban-shared/KanbanColumn.tsx(810,397): error TS1127: Invalid character.
src/components/kanban-shared/KanbanColumn.tsx(810,398): error TS1127: Invalid character.
src/components/kanban-shared/KanbanColumn.tsx(810,399): error TS1127: Invalid character.
src/components/kanban-shared/KanbanColumn.tsx(810,400): error TS1127: Invalid character.
src/components/kanban-shared/KanbanColumn.tsx(810,401): error TS1127: Invalid character.
src/components/kanban-shared/KanbanColumn.tsx(810,402): error TS1127: Invalid character.
src/components/kanban-shared/KanbanColumn.tsx(810,403): error TS1127: Invalid character.
src/components/kanban-shared/KanbanColumn.tsx(810,404): error TS1127: Invalid character.
src/components/kanban-shared/KanbanColumn.tsx(810,405): error TS1127: Invalid character.
src/components/kanban-shared/KanbanColumn.tsx(810,406): error TS1127: Invalid character.
src/components/kanban-shared/KanbanColumn.tsx(810,407): error TS1127: Invalid character.
src/components/kanban-shared/KanbanColumn.tsx(810,408): error TS1127: Invalid character.
src/components/kanban-shared/KanbanColumn.tsx(810,409): error TS1127: Invalid character.
src/components/kanban-shared/KanbanColumn.tsx(810,410): error TS1127: Invalid character.
src/components/kanban-shared/KanbanColumn.tsx(810,411): error TS1127: Invalid character.
src/components/kanban-shared/KanbanColumn.tsx(810,412): error TS1127: Invalid character.
src/components/kanban-shared/KanbanColumn.tsx(810,413): error TS1127: Invalid character.
src/components/kanban-shared/KanbanColumn.tsx(810,414): error TS1127: Invalid character.
src/components/kanban-shared/KanbanColumn.tsx(810,415): error TS1127: Invalid character.
src/components/kanban-shared/KanbanColumn.tsx(810,416): error TS1127: Invalid character.
src/components/kanban-shared/KanbanColumn.tsx(810,417): error TS1127: Invalid character.
src/components/kanban-shared/KanbanColumn.tsx(810,418): error TS1127: Invalid character.
src/components/kanban-shared/KanbanColumn.tsx(810,419): error TS1127: Invalid character.
src/components/kanban-shared/KanbanColumn.tsx(810,420): error TS1127: Invalid character.
src/components/kanban-shared/KanbanColumn.tsx(810,421): error TS1127: Invalid character.
src/components/kanban-shared/KanbanColumn.tsx(810,422): error TS1127: Invalid character.
src/components/kanban-shared/KanbanColumn.tsx(810,423): error TS1127: Invalid character.
src/components/kanban-shared/KanbanColumn.tsx(810,424): error TS1127: Invalid character.
src/components/kanban-shared/KanbanColumn.tsx(810,425): error TS1127: Invalid character.
src/components/kanban-shared/KanbanColumn.tsx(810,426): error TS1127: Invalid character.
src/components/kanban-shared/KanbanColumn.tsx(810,427): error TS1127: Invalid character.
src/components/kanban-shared/KanbanColumn.tsx(810,428): error TS1127: Invalid character.
src/components/kanban-shared/KanbanColumn.tsx(810,429): error TS1127: Invalid character.
src/components/kanban-shared/KanbanColumn.tsx(810,430): error TS1127: Invalid character.
src/components/kanban-shared/KanbanColumn.tsx(810,431): error TS1127: Invalid character.
src/components/kanban-shared/KanbanColumn.tsx(810,432): error TS1127: Invalid character.
src/components/kanban-shared/KanbanColumn.tsx(810,433): error TS1127: Invalid character.
src/components/kanban-shared/KanbanColumn.tsx(810,434): error TS1127: Invalid character.
src/components/kanban-shared/KanbanColumn.tsx(810,435): error TS1127: Invalid character.
src/components/kanban-shared/KanbanColumn.tsx(810,436): error TS1127: Invalid character.
src/components/kanban-shared/KanbanColumn.tsx(810,437): error TS1127: Invalid character.
src/components/kanban-shared/KanbanColumn.tsx(810,438): error TS1127: Invalid character.
src/components/kanban-shared/KanbanColumn.tsx(810,439): error TS1127: Invalid character.
src/components/kanban-shared/KanbanColumn.tsx(810,440): error TS1127: Invalid character.
src/components/kanban-shared/KanbanColumn.tsx(810,441): error TS1127: Invalid character.
src/components/kanban-shared/KanbanColumn.tsx(810,442): error TS1127: Invalid character.
src/components/kanban-shared/KanbanColumn.tsx(810,443): error TS1127: Invalid character.
src/components/kanban-shared/KanbanColumn.tsx(810,444): error TS1127: Invalid character.
src/components/kanban-shared/KanbanColumn.tsx(810,445): error TS1127: Invalid character.
src/components/kanban-shared/KanbanColumn.tsx(810,446): error TS1127: Invalid character.
src/components/kanban-shared/KanbanColumn.tsx(810,447): error TS1127: Invalid character.
src/components/kanban-shared/KanbanColumn.tsx(810,448): error TS1127: Invalid character.
src/components/kanban-shared/KanbanColumn.tsx(810,449): error TS1127: Invalid character.
src/components/kanban-shared/KanbanColumn.tsx(810,450): error TS1127: Invalid character.
src/components/kanban-shared/KanbanColumn.tsx(810,451): error TS1127: Invalid character.
src/components/kanban-shared/KanbanColumn.tsx(810,452): error TS1127: Invalid character.
src/components/kanban-shared/KanbanColumn.tsx(810,453): error TS1127: Invalid character.
src/components/kanban-shared/KanbanColumn.tsx(810,454): error TS1127: Invalid character.
src/components/kanban-shared/KanbanColumn.tsx(810,455): error TS1127: Invalid character.
src/components/kanban-shared/KanbanColumn.tsx(810,456): error TS1127: Invalid character.
src/components/kanban-shared/KanbanColumn.tsx(810,457): error TS1127: Invalid character.
src/components/kanban-shared/KanbanColumn.tsx(810,458): error TS1127: Invalid character.
src/components/kanban-shared/KanbanColumn.tsx(810,459): error TS1127: Invalid character.
src/components/kanban-shared/KanbanColumn.tsx(810,460): error TS1127: Invalid character.
src/components/kanban-shared/KanbanColumn.tsx(810,461): error TS1127: Invalid character.
src/components/kanban-shared/KanbanColumn.tsx(810,462): error TS1127: Invalid character.
src/components/kanban-shared/KanbanColumn.tsx(810,463): error TS1127: Invalid character.
src/components/kanban-shared/KanbanColumn.tsx(810,464): error TS1127: Invalid character.
src/components/kanban-shared/KanbanColumn.tsx(810,465): error TS1127: Invalid character.
src/components/kanban-shared/KanbanColumn.tsx(810,466): error TS1127: Invalid character.
src/components/kanban-shared/KanbanColumn.tsx(810,467): error TS1127: Invalid character.
src/components/kanban-shared/KanbanColumn.tsx(810,468): error TS1127: Invalid character.
src/components/kanban-shared/KanbanColumn.tsx(810,469): error TS1127: Invalid character.
src/components/kanban-shared/KanbanColumn.tsx(810,470): error TS1127: Invalid character.
src/components/kanban-shared/KanbanColumn.tsx(810,471): error TS1127: Invalid character.
src/components/kanban-shared/KanbanColumn.tsx(810,472): error TS1127: Invalid character.
src/components/kanban-shared/KanbanColumn.tsx(810,473): error TS1127: Invalid character.
src/components/kanban-shared/KanbanColumn.tsx(810,474): error TS1127: Invalid character.
src/components/kanban-shared/KanbanColumn.tsx(810,475): error TS1127: Invalid character.
src/components/kanban-shared/KanbanColumn.tsx(810,476): error TS1127: Invalid character.
src/components/kanban-shared/KanbanColumn.tsx(810,477): error TS1127: Invalid character.
src/components/kanban-shared/KanbanColumn.tsx(810,478): error TS1127: Invalid character.
src/components/kanban-shared/KanbanColumn.tsx(810,479): error TS1127: Invalid character.
src/components/kanban-shared/KanbanColumn.tsx(810,480): error TS1127: Invalid character.
src/components/kanban-shared/KanbanColumn.tsx(810,481): error TS1127: Invalid character.
src/components/kanban-shared/KanbanColumn.tsx(810,482): error TS1127: Invalid character.
src/components/kanban-shared/KanbanColumn.tsx(810,483): error TS1127: Invalid character.
src/components/kanban-shared/KanbanColumn.tsx(810,484): error TS1127: Invalid character.
src/components/kanban-shared/KanbanColumn.tsx(810,485): error TS1127: Invalid character.
src/components/kanban-shared/KanbanColumn.tsx(810,486): error TS1127: Invalid character.
src/components/kanban-shared/KanbanColumn.tsx(810,487): error TS1127: Invalid character.
src/components/kanban-shared/KanbanColumn.tsx(810,488): error TS1127: Invalid character.
src/components/kanban-shared/KanbanColumn.tsx(810,489): error TS1127: Invalid character.
src/components/kanban-shared/KanbanColumn.tsx(810,490): error TS1127: Invalid character.
src/components/kanban-shared/KanbanColumn.tsx(810,491): error TS1127: Invalid character.
src/components/kanban-shared/KanbanColumn.tsx(810,492): error TS1127: Invalid character.
src/components/kanban-shared/KanbanColumn.tsx(810,493): error TS1127: Invalid character.
src/components/kanban-shared/KanbanColumn.tsx(810,494): error TS1127: Invalid character.
src/components/kanban-shared/KanbanColumn.tsx(810,495): error TS1127: Invalid character.
src/components/kanban-shared/KanbanColumn.tsx(810,496): error TS1127: Invalid character.
src/components/kanban-shared/KanbanColumn.tsx(810,497): error TS1127: Invalid character.
src/components/kanban-shared/KanbanColumn.tsx(810,498): error TS1127: Invalid character.
src/components/kanban-shared/KanbanColumn.tsx(810,499): error TS1127: Invalid character.
src/components/kanban-shared/KanbanColumn.tsx(810,500): error TS1127: Invalid character.
src/components/kanban-shared/KanbanColumn.tsx(810,501): error TS1127: Invalid character.
src/components/kanban-shared/KanbanColumn.tsx(810,502): error TS1127: Invalid character.
src/components/kanban-shared/KanbanColumn.tsx(810,503): error TS1127: Invalid character.
src/components/kanban-shared/KanbanColumn.tsx(810,504): error TS1127: Invalid character.
src/components/kanban-shared/KanbanColumn.tsx(810,505): error TS1127: Invalid character.
src/components/kanban-shared/KanbanColumn.tsx(810,506): error TS1127: Invalid character.
src/components/kanban-shared/KanbanColumn.tsx(810,507): error TS1127: Invalid character.
src/components/kanban-shared/KanbanColumn.tsx(810,508): error TS1127: Invalid character.
src/components/kanban-shared/KanbanColumn.tsx(810,509): error TS1127: Invalid character.
src/components/kanban-shared/KanbanColumn.tsx(810,510): error TS1127: Invalid character.
src/components/kanban-shared/KanbanColumn.tsx(810,511): error TS1127: Invalid character.
src/components/kanban-shared/KanbanColumn.tsx(810,512): error TS1127: Invalid character.
src/components/kanban-shared/KanbanColumn.tsx(810,513): error TS1127: Invalid character.
src/components/kanban-shared/KanbanColumn.tsx(810,514): error TS1127: Invalid character.
src/components/kanban-shared/KanbanColumn.tsx(810,515): error TS1127: Invalid character.
src/components/kanban-shared/KanbanColumn.tsx(810,516): error TS1127: Invalid character.
src/components/kanban-shared/KanbanColumn.tsx(810,517): error TS1127: Invalid character.
src/components/kanban-shared/KanbanColumn.tsx(810,518): error TS1127: Invalid character.
src/components/kanban-shared/KanbanColumn.tsx(810,519): error TS1127: Invalid character.
src/components/kanban-shared/KanbanColumn.tsx(810,520): error TS1127: Invalid character.
src/components/kanban-shared/KanbanColumn.tsx(810,521): error TS1127: Invalid character.
src/components/kanban-shared/KanbanColumn.tsx(810,522): error TS1127: Invalid character.
src/components/kanban-shared/KanbanColumn.tsx(810,523): error TS1127: Invalid character.
src/components/kanban-shared/KanbanColumn.tsx(810,524): error TS1127: Invalid character.
src/components/kanban-shared/KanbanColumn.tsx(810,525): error TS1127: Invalid character.
src/components/kanban-shared/KanbanColumn.tsx(810,526): error TS1127: Invalid character.
src/components/kanban-shared/KanbanColumn.tsx(810,527): error TS1127: Invalid character.
src/components/kanban-shared/KanbanColumn.tsx(810,528): error TS1127: Invalid character.
src/components/kanban-shared/KanbanColumn.tsx(810,529): error TS1127: Invalid character.
src/components/kanban-shared/KanbanColumn.tsx(810,530): error TS1127: Invalid character.
src/components/kanban-shared/KanbanColumn.tsx(810,531): error TS1127: Invalid character.
src/components/kanban-shared/KanbanColumn.tsx(810,532): error TS1127: Invalid character.
src/components/kanban-shared/KanbanColumn.tsx(810,533): error TS1127: Invalid character.
src/components/kanban-shared/KanbanColumn.tsx(810,534): error TS1127: Invalid character.
src/components/kanban-shared/KanbanColumn.tsx(810,535): error TS1127: Invalid character.
src/components/kanban-shared/KanbanColumn.tsx(810,536): error TS1127: Invalid character.
src/components/kanban-shared/KanbanColumn.tsx(810,537): error TS1127: Invalid character.
src/components/kanban-shared/KanbanColumn.tsx(810,538): error TS1127: Invalid character.
src/components/kanban-shared/KanbanColumn.tsx(810,539): error TS1127: Invalid character.
src/components/kanban-shared/KanbanColumn.tsx(810,540): error TS1127: Invalid character.
src/components/kanban-shared/KanbanColumn.tsx(810,541): error TS1127: Invalid character.
src/components/kanban-shared/KanbanColumn.tsx(810,542): error TS1127: Invalid character.
src/components/kanban-shared/KanbanColumn.tsx(810,543): error TS1127: Invalid character.
src/components/kanban-shared/KanbanColumn.tsx(810,544): error TS1127: Invalid character.
src/components/kanban-shared/KanbanColumn.tsx(810,545): error TS1127: Invalid character.
src/components/kanban-shared/KanbanColumn.tsx(810,546): error TS1127: Invalid character.
src/components/kanban-shared/KanbanColumn.tsx(810,547): error TS1127: Invalid character.
src/components/kanban-shared/KanbanColumn.tsx(810,548): error TS1127: Invalid character.
src/components/kanban-shared/KanbanColumn.tsx(810,549): error TS1127: Invalid character.
src/components/kanban-shared/KanbanColumn.tsx(810,550): error TS1127: Invalid character.
src/components/kanban-shared/KanbanColumn.tsx(810,551): error TS1127: Invalid character.
src/components/kanban-shared/KanbanColumn.tsx(810,552): error TS1127: Invalid character.
src/components/kanban-shared/KanbanColumn.tsx(810,553): error TS1127: Invalid character.
src/components/kanban-shared/KanbanColumn.tsx(810,554): error TS1127: Invalid character.
src/components/kanban-shared/KanbanColumn.tsx(810,555): error TS1127: Invalid character.
src/components/kanban-shared/KanbanColumn.tsx(810,556): error TS1127: Invalid character.
src/components/kanban-shared/KanbanColumn.tsx(810,557): error TS1127: Invalid character.
src/components/kanban-shared/KanbanColumn.tsx(810,558): error TS1127: Invalid character.
src/components/kanban-shared/KanbanColumn.tsx(810,559): error TS1127: Invalid character.
src/components/kanban-shared/KanbanColumn.tsx(810,560): error TS1127: Invalid character.
src/components/kanban-shared/KanbanColumn.tsx(810,561): error TS1127: Invalid character.
src/components/kanban-shared/KanbanColumn.tsx(810,562): error TS1127: Invalid character.
src/components/kanban-shared/KanbanColumn.tsx(810,563): error TS1127: Invalid character.
src/components/kanban-shared/KanbanColumn.tsx(810,564): error TS1127: Invalid character.
src/components/kanban-shared/KanbanColumn.tsx(810,565): error TS1127: Invalid character.
src/components/kanban-shared/KanbanColumn.tsx(810,566): error TS1127: Invalid character.
src/components/kanban-shared/KanbanColumn.tsx(810,567): error TS1127: Invalid character.
src/components/kanban-shared/KanbanColumn.tsx(810,568): error TS1127: Invalid character.
src/components/kanban-shared/KanbanColumn.tsx(810,569): error TS1127: Invalid character.
src/components/kanban-shared/KanbanColumn.tsx(810,570): error TS1127: Invalid character.
src/components/kanban-shared/KanbanColumn.tsx(810,571): error TS1127: Invalid character.
src/components/kanban-shared/KanbanColumn.tsx(810,572): error TS1127: Invalid character.
src/components/kanban-shared/KanbanColumn.tsx(810,573): error TS1127: Invalid character.
src/components/kanban-shared/KanbanColumn.tsx(810,574): error TS1127: Invalid character.
src/components/kanban-shared/KanbanColumn.tsx(810,575): error TS1127: Invalid character.
src/components/kanban-shared/KanbanColumn.tsx(810,576): error TS1127: Invalid character.
src/components/kanban-shared/KanbanColumn.tsx(810,577): error TS1127: Invalid character.
src/components/kanban-shared/KanbanColumn.tsx(810,578): error TS1127: Invalid character.
src/components/kanban-shared/KanbanColumn.tsx(810,579): error TS1127: Invalid character.
src/components/kanban-shared/KanbanColumn.tsx(810,580): error TS1127: Invalid character.
src/components/kanban-shared/KanbanColumn.tsx(810,581): error TS1127: Invalid character.
src/components/kanban-shared/KanbanColumn.tsx(810,582): error TS1127: Invalid character.
src/components/kanban-shared/KanbanColumn.tsx(810,583): error TS1127: Invalid character.
src/components/kanban-shared/KanbanColumn.tsx(810,584): error TS1127: Invalid character.
src/components/kanban-shared/KanbanColumn.tsx(810,585): error TS1127: Invalid character.
src/components/kanban-shared/KanbanColumn.tsx(810,586): error TS1127: Invalid character.
src/components/kanban-shared/KanbanColumn.tsx(810,587): error TS1127: Invalid character.
src/components/kanban-shared/KanbanColumn.tsx(810,588): error TS1127: Invalid character.
src/components/kanban-shared/KanbanColumn.tsx(810,589): error TS1127: Invalid character.
src/components/kanban-shared/KanbanColumn.tsx(810,590): error TS1127: Invalid character.
src/components/kanban-shared/KanbanColumn.tsx(810,591): error TS1127: Invalid character.
src/components/kanban-shared/KanbanColumn.tsx(810,592): error TS1127: Invalid character.
src/components/kanban-shared/KanbanColumn.tsx(810,593): error TS1127: Invalid character.
src/components/kanban-shared/KanbanColumn.tsx(810,594): error TS1127: Invalid character.
src/components/kanban-shared/KanbanColumn.tsx(810,595): error TS1127: Invalid character.
src/components/kanban-shared/KanbanColumn.tsx(810,596): error TS1127: Invalid character.
src/components/kanban-shared/KanbanColumn.tsx(810,597): error TS1127: Invalid character.
src/components/kanban-shared/KanbanColumn.tsx(810,598): error TS1127: Invalid character.
src/components/kanban-shared/KanbanColumn.tsx(810,599): error TS1127: Invalid character.
src/components/kanban-shared/KanbanColumn.tsx(810,600): error TS1127: Invalid character.
src/components/kanban-shared/KanbanColumn.tsx(810,601): error TS1127: Invalid character.
src/components/kanban-shared/KanbanColumn.tsx(810,602): error TS1127: Invalid character.
src/components/kanban-shared/KanbanColumn.tsx(810,603): error TS1127: Invalid character.
src/components/kanban-shared/KanbanColumn.tsx(810,604): error TS1127: Invalid character.
src/components/kanban-shared/KanbanColumn.tsx(810,605): error TS1127: Invalid character.
src/components/kanban-shared/KanbanColumn.tsx(810,606): error TS1127: Invalid character.
src/components/kanban-shared/KanbanColumn.tsx(810,607): error TS1127: Invalid character.
src/components/kanban-shared/KanbanColumn.tsx(810,608): error TS1127: Invalid character.
src/components/kanban-shared/KanbanColumn.tsx(810,609): error TS1127: Invalid character.
src/components/kanban-shared/KanbanColumn.tsx(810,610): error TS1127: Invalid character.
src/components/kanban-shared/KanbanColumn.tsx(810,611): error TS1127: Invalid character.
src/components/kanban-shared/KanbanColumn.tsx(810,612): error TS1127: Invalid character.
src/components/kanban-shared/KanbanColumn.tsx(810,613): error TS1127: Invalid character.
src/components/kanban-shared/KanbanColumn.tsx(810,614): error TS1127: Invalid character.
src/components/kanban-shared/KanbanColumn.tsx(810,615): error TS1127: Invalid character.
src/components/kanban-shared/KanbanColumn.tsx(810,616): error TS1127: Invalid character.
src/components/kanban-shared/KanbanColumn.tsx(810,617): error TS1127: Invalid character.
src/components/kanban-shared/KanbanColumn.tsx(810,618): error TS1127: Invalid character.
src/components/kanban-shared/KanbanColumn.tsx(810,619): error TS1127: Invalid character.
src/components/kanban-shared/KanbanColumn.tsx(810,620): error TS1127: Invalid character.
src/components/kanban-shared/KanbanColumn.tsx(810,621): error TS1127: Invalid character.
src/components/kanban-shared/KanbanColumn.tsx(810,622): error TS1127: Invalid character.
src/components/kanban-shared/KanbanColumn.tsx(810,623): error TS1127: Invalid character.
src/components/kanban-shared/KanbanColumn.tsx(810,624): error TS1127: Invalid character.
src/components/kanban-shared/KanbanColumn.tsx(810,625): error TS1127: Invalid character.
src/components/kanban-shared/KanbanColumn.tsx(810,626): error TS1127: Invalid character.
src/components/kanban-shared/KanbanColumn.tsx(810,627): error TS1127: Invalid character.
src/components/kanban-shared/KanbanColumn.tsx(810,628): error TS1127: Invalid character.
src/components/kanban-shared/KanbanColumn.tsx(810,629): error TS1127: Invalid character.
src/components/kanban-shared/KanbanColumn.tsx(810,630): error TS1127: Invalid character.
src/components/kanban-shared/KanbanColumn.tsx(810,631): error TS1127: Invalid character.
src/components/kanban-shared/KanbanColumn.tsx(810,632): error TS1127: Invalid character.
src/components/kanban-shared/KanbanColumn.tsx(810,633): error TS1127: Invalid character.
src/components/kanban-shared/KanbanColumn.tsx(810,634): error TS1127: Invalid character.
src/components/kanban-shared/KanbanColumn.tsx(810,635): error TS1127: Invalid character.
src/components/kanban-shared/KanbanColumn.tsx(810,636): error TS1127: Invalid character.
src/components/kanban-shared/KanbanColumn.tsx(810,637): error TS1127: Invalid character.
src/components/kanban-shared/KanbanColumn.tsx(810,638): error TS1127: Invalid character.
src/components/kanban-shared/KanbanColumn.tsx(810,639): error TS1127: Invalid character.
src/components/kanban-shared/KanbanColumn.tsx(810,640): error TS1127: Invalid character.
src/components/kanban-shared/KanbanColumn.tsx(810,641): error TS1127: Invalid character.
src/components/kanban-shared/KanbanColumn.tsx(810,642): error TS1127: Invalid character.
src/components/kanban-shared/KanbanColumn.tsx(810,643): error TS1127: Invalid character.
src/components/kanban-shared/KanbanColumn.tsx(810,644): error TS1127: Invalid character.
src/components/kanban-shared/KanbanColumn.tsx(810,645): error TS1127: Invalid character.
src/components/kanban-shared/KanbanColumn.tsx(810,646): error TS1127: Invalid character.
src/components/kanban-shared/KanbanColumn.tsx(810,647): error TS1127: Invalid character.
src/components/kanban-shared/KanbanColumn.tsx(810,648): error TS1127: Invalid character.
src/components/kanban-shared/KanbanColumn.tsx(810,649): error TS1127: Invalid character.
src/components/kanban-shared/KanbanColumn.tsx(810,650): error TS1127: Invalid character.
src/components/kanban-shared/KanbanColumn.tsx(810,651): error TS1127: Invalid character.
src/components/kanban-shared/KanbanColumn.tsx(810,652): error TS1127: Invalid character.
src/components/kanban-shared/KanbanColumn.tsx(810,653): error TS1127: Invalid character.
src/components/kanban-shared/KanbanColumn.tsx(810,654): error TS1127: Invalid character.
src/components/kanban-shared/KanbanColumn.tsx(810,655): error TS1127: Invalid character.
src/components/kanban-shared/KanbanColumn.tsx(810,656): error TS1127: Invalid character.
src/components/kanban-shared/KanbanColumn.tsx(810,657): error TS1127: Invalid character.
src/components/kanban-shared/KanbanColumn.tsx(810,658): error TS1127: Invalid character.
src/components/kanban-shared/KanbanColumn.tsx(810,659): error TS1127: Invalid character.
src/components/kanban-shared/KanbanColumn.tsx(810,660): error TS1127: Invalid character.
src/components/kanban-shared/KanbanColumn.tsx(810,661): error TS1127: Invalid character.
src/components/kanban-shared/KanbanColumn.tsx(810,662): error TS1127: Invalid character.
src/components/kanban-shared/KanbanColumn.tsx(810,663): error TS1127: Invalid character.
src/components/kanban-shared/KanbanColumn.tsx(810,664): error TS1127: Invalid character.
src/components/kanban-shared/KanbanColumn.tsx(810,665): error TS1127: Invalid character.
src/components/kanban-shared/KanbanColumn.tsx(810,666): error TS1127: Invalid character.
src/components/kanban-shared/KanbanColumn.tsx(810,667): error TS1127: Invalid character.
src/components/kanban-shared/KanbanColumn.tsx(810,668): error TS1127: Invalid character.
src/components/kanban-shared/KanbanColumn.tsx(810,669): error TS1127: Invalid character.
src/components/kanban-shared/KanbanColumn.tsx(810,670): error TS1127: Invalid character.
src/components/kanban-shared/KanbanColumn.tsx(810,671): error TS1127: Invalid character.
src/components/kanban-shared/KanbanColumn.tsx(810,672): error TS1127: Invalid character.
src/components/kanban-shared/KanbanColumn.tsx(810,673): error TS1127: Invalid character.
src/components/kanban-shared/KanbanColumn.tsx(810,674): error TS1127: Invalid character.
src/components/kanban-shared/KanbanColumn.tsx(810,675): error TS1127: Invalid character.
src/components/kanban-shared/KanbanColumn.tsx(810,676): error TS1127: Invalid character.
src/components/kanban-shared/KanbanColumn.tsx(810,677): error TS1127: Invalid character.
src/components/kanban-shared/KanbanColumn.tsx(810,678): error TS1127: Invalid character.
src/components/kanban-shared/KanbanColumn.tsx(810,679): error TS1127: Invalid character.
src/components/kanban-shared/KanbanColumn.tsx(810,680): error TS1127: Invalid character.
src/components/kanban-shared/KanbanColumn.tsx(810,681): error TS1127: Invalid character.
src/components/kanban-shared/KanbanColumn.tsx(810,682): error TS1127: Invalid character.
src/components/kanban-shared/KanbanColumn.tsx(810,683): error TS1127: Invalid character.
src/components/kanban-shared/KanbanColumn.tsx(810,684): error TS1127: Invalid character.
src/components/kanban-shared/KanbanColumn.tsx(810,685): error TS1127: Invalid character.
src/components/kanban-shared/KanbanColumn.tsx(810,686): error TS1127: Invalid character.
src/components/kanban-shared/KanbanColumn.tsx(810,687): error TS1127: Invalid character.
src/components/kanban-shared/KanbanColumn.tsx(810,688): error TS1127: Invalid character.
src/components/kanban-shared/KanbanColumn.tsx(810,689): error TS1127: Invalid character.
src/components/kanban-shared/KanbanColumn.tsx(810,690): error TS1127: Invalid character.
src/components/kanban-shared/KanbanColumn.tsx(810,691): error TS1127: Invalid character.
src/components/kanban-shared/KanbanColumn.tsx(810,692): error TS1127: Invalid character.
src/components/kanban-shared/KanbanColumn.tsx(810,693): error TS1127: Invalid character.
src/components/kanban-shared/KanbanColumn.tsx(810,694): error TS1127: Invalid character.
src/components/kanban-shared/KanbanColumn.tsx(810,695): error TS1127: Invalid character.
src/components/kanban-shared/KanbanColumn.tsx(810,696): error TS1127: Invalid character.
src/components/kanban-shared/KanbanColumn.tsx(810,697): error TS1127: Invalid character.
src/components/kanban-shared/KanbanColumn.tsx(810,698): error TS1127: Invalid character.
src/components/kanban-shared/KanbanColumn.tsx(810,699): error TS1127: Invalid character.
src/components/kanban-shared/KanbanColumn.tsx(810,700): error TS1127: Invalid character.
src/components/kanban-shared/KanbanColumn.tsx(810,701): error TS1127: Invalid character.
src/components/kanban-shared/KanbanColumn.tsx(810,702): error TS1127: Invalid character.
src/components/kanban-shared/KanbanColumn.tsx(810,703): error TS1127: Invalid character.
src/components/kanban-shared/KanbanColumn.tsx(810,704): error TS1127: Invalid character.
src/components/kanban-shared/KanbanColumn.tsx(810,705): error TS1127: Invalid character.
src/components/kanban-shared/KanbanColumn.tsx(810,706): error TS1127: Invalid character.
src/components/kanban-shared/KanbanColumn.tsx(810,707): error TS1127: Invalid character.
src/components/kanban-shared/KanbanColumn.tsx(810,708): error TS1127: Invalid character.
src/components/kanban-shared/KanbanColumn.tsx(810,709): error TS1127: Invalid character.
src/components/kanban-shared/KanbanColumn.tsx(810,710): error TS1127: Invalid character.
src/components/kanban-shared/KanbanColumn.tsx(810,711): error TS1127: Invalid character.
src/components/kanban-shared/KanbanColumn.tsx(810,712): error TS1127: Invalid character.
src/components/kanban-shared/KanbanColumn.tsx(810,713): error TS1127: Invalid character.
src/components/kanban-shared/KanbanColumn.tsx(810,714): error TS1127: Invalid character.
src/components/kanban-shared/KanbanColumn.tsx(810,715): error TS1127: Invalid character.
src/components/kanban-shared/KanbanColumn.tsx(810,716): error TS1127: Invalid character.
src/components/kanban-shared/KanbanColumn.tsx(810,717): error TS1127: Invalid character.
src/components/kanban-shared/KanbanColumn.tsx(810,718): error TS1127: Invalid character.
src/components/kanban-shared/KanbanColumn.tsx(810,719): error TS1127: Invalid character.
src/components/kanban-shared/KanbanColumn.tsx(810,720): error TS1127: Invalid character.
src/components/kanban-shared/KanbanColumn.tsx(810,721): error TS1127: Invalid character.
src/components/kanban-shared/KanbanColumn.tsx(810,722): error TS1127: Invalid character.
src/components/kanban-shared/KanbanColumn.tsx(810,723): error TS1127: Invalid character.
src/components/kanban-shared/KanbanColumn.tsx(810,724): error TS1127: Invalid character.
src/components/kanban-shared/KanbanColumn.tsx(810,725): error TS1127: Invalid character.
src/components/kanban-shared/KanbanColumn.tsx(810,726): error TS1127: Invalid character.
src/components/kanban-shared/KanbanColumn.tsx(810,727): error TS1127: Invalid character.
src/components/kanban-shared/KanbanColumn.tsx(810,728): error TS1127: Invalid character.
src/components/kanban-shared/KanbanColumn.tsx(810,729): error TS1127: Invalid character.
src/components/kanban-shared/KanbanColumn.tsx(810,730): error TS1127: Invalid character.
src/components/kanban-shared/KanbanColumn.tsx(810,731): error TS1127: Invalid character.
src/components/kanban-shared/KanbanColumn.tsx(810,732): error TS1127: Invalid character.
src/components/kanban-shared/KanbanColumn.tsx(810,733): error TS1127: Invalid character.
src/components/kanban-shared/KanbanColumn.tsx(810,734): error TS1127: Invalid character.
src/components/kanban-shared/KanbanColumn.tsx(810,735): error TS1127: Invalid character.
src/components/kanban-shared/KanbanColumn.tsx(810,736): error TS1127: Invalid character.
src/components/kanban-shared/KanbanColumn.tsx(810,737): error TS1127: Invalid character.
src/components/kanban-shared/KanbanColumn.tsx(810,738): error TS1127: Invalid character.
src/components/kanban-shared/KanbanColumn.tsx(810,739): error TS1127: Invalid character.
src/components/kanban-shared/KanbanColumn.tsx(810,740): error TS1127: Invalid character.
src/components/kanban-shared/KanbanColumn.tsx(810,741): error TS1127: Invalid character.
src/components/kanban-shared/KanbanColumn.tsx(810,742): error TS1127: Invalid character.
src/components/kanban-shared/KanbanColumn.tsx(810,743): error TS1127: Invalid character.
src/components/kanban-shared/KanbanColumn.tsx(810,744): error TS1127: Invalid character.
src/components/kanban-shared/KanbanColumn.tsx(810,745): error TS1127: Invalid character.
src/components/kanban-shared/KanbanColumn.tsx(810,746): error TS1127: Invalid character.
src/components/kanban-shared/KanbanColumn.tsx(810,747): error TS1127: Invalid character.
src/components/kanban-shared/KanbanColumn.tsx(810,748): error TS1127: Invalid character.
src/components/kanban-shared/KanbanColumn.tsx(810,749): error TS1127: Invalid character.
src/components/kanban-shared/KanbanColumn.tsx(810,750): error TS1127: Invalid character.
src/components/kanban-shared/KanbanColumn.tsx(810,751): error TS1127: Invalid character.
src/components/kanban-shared/KanbanColumn.tsx(810,752): error TS1127: Invalid character.
src/components/kanban-shared/KanbanColumn.tsx(810,753): error TS1127: Invalid character.
src/components/kanban-shared/KanbanColumn.tsx(810,754): error TS1127: Invalid character.
src/components/kanban-shared/KanbanColumn.tsx(810,755): error TS1127: Invalid character.
src/components/kanban-shared/KanbanColumn.tsx(810,756): error TS1127: Invalid character.
src/components/kanban-shared/KanbanColumn.tsx(810,757): error TS1127: Invalid character.
src/components/kanban-shared/KanbanColumn.tsx(810,758): error TS1127: Invalid character.
src/components/kanban-shared/KanbanColumn.tsx(810,759): error TS1127: Invalid character.
src/components/kanban-shared/KanbanColumn.tsx(810,760): error TS1127: Invalid character.
src/components/kanban-shared/KanbanColumn.tsx(810,761): error TS1127: Invalid character.
src/components/kanban-shared/KanbanColumn.tsx(810,762): error TS1127: Invalid character.
src/components/kanban-shared/KanbanColumn.tsx(810,763): error TS1127: Invalid character.
src/components/kanban-shared/KanbanColumn.tsx(810,764): error TS1127: Invalid character.
src/components/kanban-shared/KanbanColumn.tsx(810,765): error TS1127: Invalid character.
src/components/kanban-shared/KanbanColumn.tsx(810,766): error TS1127: Invalid character.
src/components/kanban-shared/KanbanColumn.tsx(810,767): error TS1127: Invalid character.
src/components/kanban-shared/KanbanColumn.tsx(810,768): error TS1127: Invalid character.
src/components/kanban-shared/KanbanColumn.tsx(810,769): error TS1127: Invalid character.
src/components/kanban-shared/KanbanColumn.tsx(810,770): error TS1127: Invalid character.
src/components/kanban-shared/KanbanColumn.tsx(810,771): error TS1127: Invalid character.
src/components/kanban-shared/KanbanColumn.tsx(810,772): error TS1127: Invalid character.
src/components/kanban-shared/KanbanColumn.tsx(810,773): error TS1127: Invalid character.
src/components/kanban-shared/KanbanColumn.tsx(810,774): error TS1127: Invalid character.
src/components/kanban-shared/KanbanColumn.tsx(810,775): error TS1127: Invalid character.
src/components/kanban-shared/KanbanColumn.tsx(810,776): error TS1127: Invalid character.
src/components/kanban-shared/KanbanColumn.tsx(810,777): error TS1127: Invalid character.
src/components/kanban-shared/KanbanColumn.tsx(810,778): error TS1127: Invalid character.
src/components/kanban-shared/KanbanColumn.tsx(810,779): error TS1127: Invalid character.
src/components/kanban-shared/KanbanColumn.tsx(810,780): error TS1127: Invalid character.
src/components/kanban-shared/KanbanColumn.tsx(810,781): error TS1127: Invalid character.
src/components/kanban-shared/KanbanColumn.tsx(810,782): error TS1127: Invalid character.
src/components/kanban-shared/KanbanColumn.tsx(810,783): error TS1127: Invalid character.
src/components/kanban-shared/KanbanColumn.tsx(810,784): error TS1127: Invalid character.
src/components/kanban-shared/KanbanColumn.tsx(810,785): error TS1127: Invalid character.
src/components/kanban-shared/KanbanColumn.tsx(810,786): error TS1127: Invalid character.
src/components/kanban-shared/KanbanColumn.tsx(810,787): error TS1127: Invalid character.
src/components/kanban-shared/KanbanColumn.tsx(810,788): error TS1127: Invalid character.
src/components/kanban-shared/KanbanColumn.tsx(810,789): error TS1127: Invalid character.
src/components/kanban-shared/KanbanColumn.tsx(810,790): error TS1127: Invalid character.
src/components/kanban-shared/KanbanColumn.tsx(810,791): error TS1127: Invalid character.
src/components/kanban-shared/KanbanColumn.tsx(810,792): error TS1127: Invalid character.
src/components/kanban-shared/KanbanColumn.tsx(810,793): error TS1127: Invalid character.
src/components/kanban-shared/KanbanColumn.tsx(810,794): error TS1127: Invalid character.
src/components/kanban-shared/KanbanColumn.tsx(810,795): error TS1127: Invalid character.
src/components/kanban-shared/KanbanColumn.tsx(810,796): error TS1127: Invalid character.
src/components/kanban-shared/KanbanColumn.tsx(810,797): error TS1127: Invalid character.
src/components/kanban-shared/KanbanColumn.tsx(810,798): error TS1127: Invalid character.
src/components/kanban-shared/KanbanColumn.tsx(810,799): error TS1127: Invalid character.
src/components/kanban-shared/KanbanColumn.tsx(810,800): error TS1127: Invalid character.
src/components/kanban-shared/KanbanColumn.tsx(810,801): error TS1127: Invalid character.
src/components/kanban-shared/KanbanColumn.tsx(810,802): error TS1127: Invalid character.
src/components/kanban-shared/KanbanColumn.tsx(810,803): error TS1127: Invalid character.
src/components/kanban-shared/KanbanColumn.tsx(810,804): error TS1127: Invalid character.
src/components/kanban-shared/KanbanColumn.tsx(810,805): error TS1127: Invalid character.
src/components/kanban-shared/KanbanColumn.tsx(810,806): error TS1127: Invalid character.
src/components/kanban-shared/KanbanColumn.tsx(810,807): error TS1127: Invalid character.
src/components/kanban-shared/KanbanColumn.tsx(810,808): error TS1127: Invalid character.
src/components/kanban-shared/KanbanColumn.tsx(810,809): error TS1127: Invalid character.
src/components/kanban-shared/KanbanColumn.tsx(810,810): error TS1127: Invalid character.
src/components/kanban-shared/KanbanColumn.tsx(810,811): error TS1127: Invalid character.
src/components/kanban-shared/KanbanColumn.tsx(810,812): error TS1127: Invalid character.
src/components/kanban-shared/KanbanColumn.tsx(810,813): error TS1127: Invalid character.
src/components/kanban-shared/KanbanColumn.tsx(810,814): error TS1127: Invalid character.
src/components/kanban-shared/KanbanColumn.tsx(810,815): error TS1127: Invalid character.
src/components/kanban-shared/KanbanColumn.tsx(810,816): error TS1127: Invalid character.
src/components/kanban-shared/KanbanColumn.tsx(810,817): error TS1127: Invalid character.
src/components/kanban-shared/KanbanColumn.tsx(810,818): error TS1127: Invalid character.
src/components/kanban-shared/KanbanColumn.tsx(810,819): error TS1127: Invalid character.
src/components/kanban-shared/KanbanColumn.tsx(810,820): error TS1127: Invalid character.
src/components/kanban-shared/KanbanColumn.tsx(810,821): error TS1127: Invalid character.
src/components/kanban-shared/KanbanColumn.tsx(810,822): error TS1127: Invalid character.
src/components/kanban-shared/KanbanColumn.tsx(810,823): error TS1127: Invalid character.
src/components/kanban-shared/KanbanColumn.tsx(810,824): error TS1127: Invalid character.
src/components/kanban-shared/KanbanColumn.tsx(810,825): error TS1127: Invalid character.
src/components/kanban-shared/KanbanColumn.tsx(810,826): error TS1127: Invalid character.
src/components/kanban-shared/KanbanColumn.tsx(810,827): error TS1127: Invalid character.
src/components/kanban-shared/KanbanColumn.tsx(810,828): error TS1127: Invalid character.
src/components/kanban-shared/KanbanColumn.tsx(810,829): error TS1127: Invalid character.
src/components/kanban-shared/KanbanColumn.tsx(810,830): error TS1127: Invalid character.
src/components/kanban-shared/KanbanColumn.tsx(810,831): error TS1127: Invalid character.
src/components/kanban-shared/KanbanColumn.tsx(810,832): error TS1127: Invalid character.
src/components/kanban-shared/KanbanColumn.tsx(810,833): error TS1127: Invalid character.
src/components/kanban-shared/KanbanColumn.tsx(810,834): error TS1127: Invalid character.
src/components/kanban-shared/KanbanColumn.tsx(810,835): error TS1127: Invalid character.
src/components/kanban-shared/KanbanColumn.tsx(810,836): error TS1127: Invalid character.
src/components/kanban-shared/KanbanColumn.tsx(810,837): error TS1127: Invalid character.
src/components/kanban-shared/KanbanColumn.tsx(810,838): error TS1127: Invalid character.
src/components/kanban-shared/KanbanColumn.tsx(810,839): error TS1127: Invalid character.
src/components/kanban-shared/KanbanColumn.tsx(810,840): error TS1127: Invalid character.
src/components/kanban-shared/KanbanColumn.tsx(810,841): error TS1127: Invalid character.
src/components/kanban-shared/KanbanColumn.tsx(810,842): error TS1127: Invalid character.
src/components/kanban-shared/KanbanColumn.tsx(810,843): error TS1127: Invalid character.
src/components/kanban-shared/KanbanColumn.tsx(810,844): error TS1127: Invalid character.
src/components/kanban-shared/KanbanColumn.tsx(810,845): error TS1127: Invalid character.
src/components/kanban-shared/KanbanColumn.tsx(810,846): error TS1127: Invalid character.
src/components/kanban-shared/KanbanColumn.tsx(810,847): error TS1127: Invalid character.
src/components/kanban-shared/KanbanColumn.tsx(810,848): error TS1127: Invalid character.
src/components/kanban-shared/KanbanColumn.tsx(810,849): error TS1127: Invalid character.
src/components/kanban-shared/KanbanColumn.tsx(810,850): error TS1127: Invalid character.
src/components/kanban-shared/KanbanColumn.tsx(810,851): error TS1127: Invalid character.
src/components/kanban-shared/KanbanColumn.tsx(810,852): error TS1127: Invalid character.
src/components/kanban-shared/KanbanColumn.tsx(810,853): error TS1127: Invalid character.
src/components/kanban-shared/KanbanColumn.tsx(810,854): error TS1127: Invalid character.
src/components/kanban-shared/KanbanColumn.tsx(810,855): error TS1127: Invalid character.
src/components/kanban-shared/KanbanColumn.tsx(810,856): error TS1127: Invalid character.
src/components/kanban-shared/KanbanColumn.tsx(810,857): error TS1127: Invalid character.
src/components/kanban-shared/KanbanColumn.tsx(810,858): error TS1127: Invalid character.
src/components/kanban-shared/KanbanColumn.tsx(810,859): error TS1127: Invalid character.
src/components/kanban-shared/KanbanColumn.tsx(810,860): error TS1127: Invalid character.
src/components/kanban-shared/KanbanColumn.tsx(810,861): error TS1127: Invalid character.
src/components/kanban-shared/KanbanColumn.tsx(810,862): error TS1127: Invalid character.
src/components/kanban-shared/KanbanColumn.tsx(810,863): error TS1127: Invalid character.
src/components/kanban-shared/KanbanColumn.tsx(810,864): error TS1127: Invalid character.
src/components/kanban-shared/KanbanColumn.tsx(810,865): error TS1127: Invalid character.
src/components/kanban-shared/KanbanColumn.tsx(810,866): error TS1127: Invalid character.
src/components/kanban-shared/KanbanColumn.tsx(810,867): error TS1127: Invalid character.
src/components/kanban-shared/KanbanColumn.tsx(810,868): error TS1127: Invalid character.
src/components/kanban-shared/KanbanColumn.tsx(810,869): error TS1127: Invalid character.
src/components/kanban-shared/KanbanColumn.tsx(810,870): error TS1127: Invalid character.
src/components/kanban-shared/KanbanColumn.tsx(810,871): error TS1127: Invalid character.
src/components/kanban-shared/KanbanColumn.tsx(810,872): error TS1127: Invalid character.
src/components/kanban-shared/KanbanColumn.tsx(810,873): error TS1127: Invalid character.
src/components/kanban-shared/KanbanColumn.tsx(810,874): error TS1127: Invalid character.
src/components/kanban-shared/KanbanColumn.tsx(810,875): error TS1127: Invalid character.
src/components/kanban-shared/KanbanColumn.tsx(810,876): error TS1127: Invalid character.
src/components/kanban-shared/KanbanColumn.tsx(810,877): error TS1127: Invalid character.
src/components/kanban-shared/KanbanColumn.tsx(810,878): error TS1127: Invalid character.
src/components/kanban-shared/KanbanColumn.tsx(810,879): error TS1127: Invalid character.
src/components/kanban-shared/KanbanColumn.tsx(810,880): error TS1127: Invalid character.
src/components/kanban-shared/KanbanColumn.tsx(810,881): error TS1127: Invalid character.
src/components/kanban-shared/KanbanColumn.tsx(810,882): error TS1127: Invalid character.
src/components/kanban-shared/KanbanColumn.tsx(810,883): error TS1127: Invalid character.
src/components/kanban-shared/KanbanColumn.tsx(810,884): error TS1127: Invalid character.
src/components/kanban-shared/KanbanColumn.tsx(810,885): error TS1127: Invalid character.
src/components/kanban-shared/KanbanColumn.tsx(810,886): error TS1127: Invalid character.
src/components/kanban-shared/KanbanColumn.tsx(810,887): error TS1127: Invalid character.
src/components/kanban-shared/KanbanColumn.tsx(810,888): error TS1127: Invalid character.
src/components/kanban-shared/KanbanColumn.tsx(810,889): error TS1127: Invalid character.
src/components/kanban-shared/KanbanColumn.tsx(810,890): error TS1127: Invalid character.
src/components/kanban-shared/KanbanColumn.tsx(810,891): error TS1127: Invalid character.
src/components/kanban-shared/KanbanColumn.tsx(810,892): error TS1127: Invalid character.
src/components/kanban-shared/KanbanColumn.tsx(810,893): error TS1127: Invalid character.
src/components/kanban-shared/KanbanColumn.tsx(810,894): error TS1127: Invalid character.
src/components/kanban-shared/KanbanColumn.tsx(810,895): error TS1127: Invalid character.
src/components/kanban-shared/KanbanColumn.tsx(810,896): error TS1127: Invalid character.
src/components/kanban-shared/KanbanColumn.tsx(810,897): error TS1127: Invalid character.
src/components/kanban-shared/KanbanColumn.tsx(810,898): error TS1127: Invalid character.
src/components/kanban-shared/KanbanColumn.tsx(810,899): error TS1127: Invalid character.
src/components/kanban-shared/KanbanColumn.tsx(810,900): error TS1127: Invalid character.
src/components/kanban-shared/KanbanColumn.tsx(810,901): error TS1127: Invalid character.
src/components/kanban-shared/KanbanColumn.tsx(810,902): error TS1127: Invalid character.
src/components/kanban-shared/KanbanColumn.tsx(810,903): error TS1127: Invalid character.
src/components/kanban-shared/KanbanColumn.tsx(810,904): error TS1127: Invalid character.
src/components/kanban-shared/KanbanColumn.tsx(810,905): error TS1127: Invalid character.
src/components/kanban-shared/KanbanColumn.tsx(810,906): error TS1127: Invalid character.
src/components/kanban-shared/KanbanColumn.tsx(810,907): error TS1127: Invalid character.
src/components/kanban-shared/KanbanColumn.tsx(810,908): error TS1127: Invalid character.
src/components/kanban-shared/KanbanColumn.tsx(810,909): error TS1127: Invalid character.
src/components/kanban-shared/KanbanColumn.tsx(810,910): error TS1127: Invalid character.
src/components/kanban-shared/KanbanColumn.tsx(810,911): error TS1127: Invalid character.
src/components/kanban-shared/KanbanColumn.tsx(810,912): error TS1127: Invalid character.
src/components/kanban-shared/KanbanColumn.tsx(810,913): error TS1127: Invalid character.
src/components/kanban-shared/KanbanColumn.tsx(810,914): error TS1127: Invalid character.
src/components/kanban-shared/KanbanColumn.tsx(810,915): error TS1127: Invalid character.
src/components/kanban-shared/KanbanColumn.tsx(810,916): error TS1127: Invalid character.
src/components/kanban-shared/KanbanColumn.tsx(810,917): error TS1127: Invalid character.
src/components/kanban-shared/KanbanColumn.tsx(810,918): error TS1127: Invalid character.
src/components/kanban-shared/KanbanColumn.tsx(810,919): error TS1127: Invalid character.
src/components/kanban-shared/KanbanColumn.tsx(810,920): error TS1127: Invalid character.
src/components/kanban-shared/KanbanColumn.tsx(810,921): error TS1127: Invalid character.
src/components/kanban-shared/KanbanColumn.tsx(810,922): error TS1127: Invalid character.
src/components/kanban-shared/KanbanColumn.tsx(810,923): error TS1127: Invalid character.
src/components/kanban-shared/KanbanColumn.tsx(810,924): error TS1127: Invalid character.
src/components/kanban-shared/KanbanColumn.tsx(810,925): error TS1127: Invalid character.
src/components/kanban-shared/KanbanColumn.tsx(810,926): error TS1127: Invalid character.
src/components/kanban-shared/KanbanColumn.tsx(810,927): error TS1127: Invalid character.
src/components/kanban-shared/KanbanColumn.tsx(810,928): error TS1127: Invalid character.
src/components/kanban-shared/KanbanColumn.tsx(810,929): error TS1127: Invalid character.
src/components/kanban-shared/KanbanColumn.tsx(810,930): error TS1127: Invalid character.
src/components/kanban-shared/KanbanColumn.tsx(810,931): error TS1127: Invalid character.
src/components/kanban-shared/KanbanColumn.tsx(810,932): error TS1127: Invalid character.
src/components/kanban-shared/KanbanColumn.tsx(810,933): error TS1127: Invalid character.
src/components/kanban-shared/KanbanColumn.tsx(810,934): error TS1127: Invalid character.
src/components/kanban-shared/KanbanColumn.tsx(810,935): error TS1127: Invalid character.
src/components/kanban-shared/KanbanColumn.tsx(810,936): error TS1127: Invalid character.
src/components/kanban-shared/KanbanColumn.tsx(810,937): error TS1127: Invalid character.
src/components/kanban-shared/KanbanColumn.tsx(810,938): error TS1127: Invalid character.
src/components/kanban-shared/KanbanColumn.tsx(810,939): error TS1127: Invalid character.
src/components/kanban-shared/KanbanColumn.tsx(810,940): error TS1127: Invalid character.
src/components/kanban-shared/KanbanColumn.tsx(810,941): error TS1127: Invalid character.
src/components/kanban-shared/KanbanColumn.tsx(810,942): error TS1127: Invalid character.
src/components/kanban-shared/KanbanColumn.tsx(810,943): error TS1127: Invalid character.
src/components/kanban-shared/KanbanColumn.tsx(810,944): error TS1127: Invalid character.
src/components/kanban-shared/KanbanColumn.tsx(810,945): error TS1127: Invalid character.
src/components/kanban-shared/KanbanColumn.tsx(810,946): error TS1127: Invalid character.
src/components/kanban-shared/KanbanColumn.tsx(810,947): error TS1127: Invalid character.
src/components/kanban-shared/KanbanColumn.tsx(810,948): error TS1127: Invalid character.
src/components/kanban-shared/KanbanColumn.tsx(810,949): error TS1127: Invalid character.
src/components/kanban-shared/KanbanColumn.tsx(810,950): error TS1127: Invalid character.
src/components/kanban-shared/KanbanColumn.tsx(810,951): error TS1127: Invalid character.
src/components/kanban-shared/KanbanColumn.tsx(810,952): error TS1127: Invalid character.
src/components/kanban-shared/KanbanColumn.tsx(810,953): error TS1127: Invalid character.
src/components/kanban-shared/KanbanColumn.tsx(810,954): error TS1127: Invalid character.
src/components/kanban-shared/KanbanColumn.tsx(810,955): error TS1127: Invalid character.
src/components/kanban-shared/KanbanColumn.tsx(810,956): error TS1127: Invalid character.
src/components/kanban-shared/KanbanColumn.tsx(810,957): error TS1127: Invalid character.
src/components/kanban-shared/KanbanColumn.tsx(810,958): error TS1127: Invalid character.
src/components/kanban-shared/KanbanColumn.tsx(810,959): error TS1127: Invalid character.
src/components/kanban-shared/KanbanColumn.tsx(810,960): error TS1127: Invalid character.
src/components/kanban-shared/KanbanColumn.tsx(810,961): error TS1127: Invalid character.
src/components/kanban-shared/KanbanColumn.tsx(810,962): error TS1127: Invalid character.
src/components/kanban-shared/KanbanColumn.tsx(810,963): error TS1127: Invalid character.
src/components/kanban-shared/KanbanColumn.tsx(810,964): error TS1127: Invalid character.
src/components/kanban-shared/KanbanColumn.tsx(810,965): error TS1127: Invalid character.
src/components/kanban-shared/KanbanColumn.tsx(810,966): error TS1127: Invalid character.
src/components/kanban-shared/KanbanColumn.tsx(810,967): error TS1127: Invalid character.
src/components/kanban-shared/KanbanColumn.tsx(810,968): error TS1127: Invalid character.
src/components/kanban-shared/KanbanColumn.tsx(810,969): error TS1127: Invalid character.
src/components/kanban-shared/KanbanColumn.tsx(810,970): error TS1127: Invalid character.
src/components/kanban-shared/KanbanColumn.tsx(810,971): error TS1127: Invalid character.
src/components/kanban-shared/KanbanColumn.tsx(810,972): error TS1127: Invalid character.
src/components/kanban-shared/KanbanColumn.tsx(810,973): error TS1127: Invalid character.
src/components/kanban-shared/KanbanColumn.tsx(810,974): error TS1127: Invalid character.
src/components/kanban-shared/KanbanColumn.tsx(810,975): error TS1127: Invalid character.
src/components/kanban-shared/KanbanColumn.tsx(810,976): error TS1127: Invalid character.
src/components/kanban-shared/KanbanColumn.tsx(810,977): error TS1127: Invalid character.
src/components/kanban-shared/KanbanColumn.tsx(810,978): error TS1127: Invalid character.
src/components/kanban-shared/KanbanColumn.tsx(810,979): error TS1127: Invalid character.
src/components/kanban-shared/KanbanColumn.tsx(810,980): error TS1127: Invalid character.
src/components/kanban-shared/KanbanColumn.tsx(810,981): error TS1127: Invalid character.
src/components/kanban-shared/KanbanColumn.tsx(810,982): error TS1127: Invalid character.
src/components/kanban-shared/KanbanColumn.tsx(810,983): error TS1127: Invalid character.
src/components/kanban-shared/KanbanColumn.tsx(810,984): error TS1127: Invalid character.
src/components/kanban-shared/KanbanColumn.tsx(810,985): error TS1127: Invalid character.
src/components/kanban-shared/KanbanColumn.tsx(810,986): error TS1127: Invalid character.
src/components/kanban-shared/KanbanColumn.tsx(810,987): error TS1127: Invalid character.
src/components/kanban-shared/KanbanColumn.tsx(810,988): error TS1127: Invalid character.
src/components/kanban-shared/KanbanColumn.tsx(810,989): error TS1127: Invalid character.
src/components/kanban-shared/KanbanColumn.tsx(810,990): error TS1127: Invalid character.
src/components/kanban-shared/KanbanColumn.tsx(810,991): error TS1127: Invalid character.
src/components/kanban-shared/KanbanColumn.tsx(810,992): error TS1127: Invalid character.
src/components/kanban-shared/KanbanColumn.tsx(810,993): error TS1127: Invalid character.
src/components/kanban-shared/KanbanColumn.tsx(810,994): error TS1127: Invalid character.
src/components/kanban-shared/KanbanColumn.tsx(810,995): error TS1127: Invalid character.
src/components/kanban-shared/KanbanColumn.tsx(810,996): error TS1127: Invalid character.
src/components/kanban-shared/KanbanColumn.tsx(810,997): error TS1127: Invalid character.
src/components/kanban-shared/KanbanColumn.tsx(810,998): error TS1127: Invalid character.
src/components/kanban-shared/KanbanColumn.tsx(810,999): error TS1127: Invalid character.
src/components/kanban-shared/KanbanColumn.tsx(810,1000): error TS1127: Invalid character.
src/components/kanban-shared/KanbanColumn.tsx(810,1001): error TS1127: Invalid character.
src/components/kanban-shared/KanbanColumn.tsx(810,1002): error TS1127: Invalid character.
src/components/kanban-shared/KanbanColumn.tsx(810,1003): error TS1127: Invalid character.
src/components/kanban-shared/KanbanColumn.tsx(810,1004): error TS1127: Invalid character.
src/components/kanban-shared/KanbanColumn.tsx(810,1005): error TS1127: Invalid character.
src/components/kanban-shared/KanbanColumn.tsx(810,1006): error TS1127: Invalid character.
src/components/kanban-shared/KanbanColumn.tsx(810,1007): error TS1127: Invalid character.
src/components/kanban-shared/KanbanColumn.tsx(810,1008): error TS1127: Invalid character.
src/components/kanban-shared/KanbanColumn.tsx(810,1009): error TS1127: Invalid character.
src/components/kanban-shared/KanbanColumn.tsx(810,1010): error TS1127: Invalid character.
src/components/kanban-shared/KanbanColumn.tsx(810,1011): error TS1127: Invalid character.
src/components/kanban-shared/KanbanColumn.tsx(810,1012): error TS1127: Invalid character.
src/components/kanban-shared/KanbanColumn.tsx(810,1013): error TS1127: Invalid character.
src/components/kanban-shared/KanbanColumn.tsx(810,1014): error TS1127: Invalid character.
src/components/kanban-shared/KanbanColumn.tsx(810,1015): error TS1127: Invalid character.
src/components/kanban-shared/KanbanColumn.tsx(810,1016): error TS1127: Invalid character.
src/components/kanban-shared/KanbanColumn.tsx(810,1017): error TS1127: Invalid character.
src/components/kanban-shared/KanbanColumn.tsx(810,1018): error TS1127: Invalid character.
src/components/kanban-shared/KanbanColumn.tsx(810,1019): error TS1127: Invalid character.
src/components/kanban-shared/KanbanColumn.tsx(810,1020): error TS1127: Invalid character.
src/components/kanban-shared/KanbanColumn.tsx(810,1021): error TS1127: Invalid character.
src/components/kanban-shared/KanbanColumn.tsx(810,1022): error TS1127: Invalid character.
src/components/kanban-shared/KanbanColumn.tsx(810,1023): error TS1127: Invalid character.
src/components/kanban-shared/KanbanColumn.tsx(810,1024): error TS1127: Invalid character.
src/components/kanban-shared/KanbanColumn.tsx(810,1025): error TS1127: Invalid character.
src/components/kanban-shared/KanbanColumn.tsx(810,1026): error TS1127: Invalid character.
src/components/kanban-shared/KanbanColumn.tsx(810,1027): error TS1127: Invalid character.
src/components/kanban-shared/KanbanColumn.tsx(810,1028): error TS1127: Invalid character.
src/components/kanban-shared/KanbanColumn.tsx(810,1029): error TS1127: Invalid character.
src/components/kanban-shared/KanbanColumn.tsx(810,1030): error TS1127: Invalid character.
src/components/kanban-shared/KanbanColumn.tsx(810,1031): error TS1127: Invalid character.
src/components/kanban-shared/KanbanColumn.tsx(810,1032): error TS1127: Invalid character.
src/components/kanban-shared/KanbanColumn.tsx(810,1033): error TS1127: Invalid character.
src/components/kanban-shared/KanbanColumn.tsx(810,1034): error TS1127: Invalid character.
src/components/kanban-shared/KanbanColumn.tsx(810,1035): error TS1127: Invalid character.
src/components/kanban-shared/KanbanColumn.tsx(810,1036): error TS1127: Invalid character.
src/components/kanban-shared/KanbanColumn.tsx(810,1037): error TS1127: Invalid character.
src/components/kanban-shared/KanbanColumn.tsx(810,1038): error TS1127: Invalid character.
src/components/kanban-shared/KanbanColumn.tsx(810,1039): error TS1127: Invalid character.
src/components/kanban-shared/KanbanColumn.tsx(810,1040): error TS1127: Invalid character.
src/components/kanban-shared/KanbanColumn.tsx(810,1041): error TS1127: Invalid character.
src/components/kanban-shared/KanbanColumn.tsx(810,1042): error TS1127: Invalid character.
src/components/kanban-shared/KanbanColumn.tsx(810,1043): error TS1127: Invalid character.
src/components/kanban-shared/KanbanColumn.tsx(810,1044): error TS1127: Invalid character.
src/components/kanban-shared/KanbanColumn.tsx(810,1045): error TS1127: Invalid character.
src/components/kanban-shared/KanbanColumn.tsx(810,1046): error TS1127: Invalid character.
src/components/kanban-shared/KanbanColumn.tsx(810,1047): error TS1127: Invalid character.
src/components/kanban-shared/KanbanColumn.tsx(810,1048): error TS1127: Invalid character.
src/components/kanban-shared/KanbanColumn.tsx(810,1049): error TS1127: Invalid character.
src/components/kanban-shared/KanbanColumn.tsx(810,1050): error TS1127: Invalid character.
src/components/kanban-shared/KanbanColumn.tsx(810,1051): error TS1127: Invalid character.
src/components/kanban-shared/KanbanColumn.tsx(810,1052): error TS1127: Invalid character.
src/components/kanban-shared/KanbanColumn.tsx(810,1053): error TS1127: Invalid character.
src/components/kanban-shared/KanbanColumn.tsx(810,1054): error TS1127: Invalid character.
src/components/kanban-shared/KanbanColumn.tsx(810,1055): error TS1127: Invalid character.
src/components/kanban-shared/KanbanColumn.tsx(810,1056): error TS1127: Invalid character.
src/components/kanban-shared/KanbanColumn.tsx(810,1057): error TS1127: Invalid character.
src/components/kanban-shared/KanbanColumn.tsx(810,1058): error TS1127: Invalid character.
src/components/kanban-shared/KanbanColumn.tsx(810,1059): error TS1127: Invalid character.
src/components/kanban-shared/KanbanColumn.tsx(810,1060): error TS1127: Invalid character.
src/components/kanban-shared/KanbanColumn.tsx(810,1061): error TS1127: Invalid character.
src/components/kanban-shared/KanbanColumn.tsx(810,1062): error TS1127: Invalid character.
src/components/kanban-shared/KanbanColumn.tsx(810,1063): error TS1127: Invalid character.
src/components/kanban-shared/KanbanColumn.tsx(810,1064): error TS1127: Invalid character.
src/components/kanban-shared/KanbanColumn.tsx(810,1065): error TS1127: Invalid character.
src/components/kanban-shared/KanbanColumn.tsx(810,1066): error TS1127: Invalid character.
src/components/kanban-shared/KanbanColumn.tsx(810,1067): error TS1127: Invalid character.
src/components/kanban-shared/KanbanColumn.tsx(810,1068): error TS1127: Invalid character.
src/components/kanban-shared/KanbanColumn.tsx(810,1069): error TS1127: Invalid character.
src/components/kanban-shared/KanbanColumn.tsx(810,1070): error TS1127: Invalid character.
src/components/kanban-shared/KanbanColumn.tsx(810,1071): error TS1127: Invalid character.
src/components/kanban-shared/KanbanColumn.tsx(810,1072): error TS1127: Invalid character.
src/components/kanban-shared/KanbanColumn.tsx(810,1073): error TS1127: Invalid character.
src/components/kanban-shared/KanbanColumn.tsx(810,1074): error TS1127: Invalid character.
src/components/kanban-shared/KanbanColumn.tsx(810,1075): error TS1127: Invalid character.
src/components/kanban-shared/KanbanColumn.tsx(810,1076): error TS1127: Invalid character.
src/components/kanban-shared/KanbanColumn.tsx(810,1077): error TS1127: Invalid character.
src/components/kanban-shared/KanbanColumn.tsx(810,1078): error TS1127: Invalid character.
src/components/kanban-shared/KanbanColumn.tsx(810,1079): error TS1127: Invalid character.
src/components/kanban-shared/KanbanColumn.tsx(810,1080): error TS1127: Invalid character.
src/components/kanban-shared/KanbanColumn.tsx(810,1081): error TS1127: Invalid character.
src/components/kanban-shared/KanbanColumn.tsx(810,1082): error TS1127: Invalid character.
src/components/kanban-shared/KanbanColumn.tsx(810,1083): error TS1127: Invalid character.
src/components/kanban-shared/KanbanColumn.tsx(810,1084): error TS1127: Invalid character.
src/components/kanban-shared/KanbanColumn.tsx(810,1085): error TS1127: Invalid character.
src/components/kanban-shared/KanbanColumn.tsx(810,1086): error TS1127: Invalid character.
src/components/kanban-shared/KanbanColumn.tsx(810,1087): error TS1127: Invalid character.
src/components/kanban-shared/KanbanColumn.tsx(810,1088): error TS1127: Invalid character.
src/components/kanban-shared/KanbanColumn.tsx(810,1089): error TS1127: Invalid character.
src/components/kanban-shared/KanbanColumn.tsx(810,1090): error TS1127: Invalid character.
src/components/kanban-shared/KanbanColumn.tsx(810,1091): error TS1127: Invalid character.
src/components/kanban-shared/KanbanColumn.tsx(810,1092): error TS1127: Invalid character.
src/components/kanban-shared/KanbanColumn.tsx(810,1093): error TS1127: Invalid character.
src/components/kanban-shared/KanbanColumn.tsx(810,1094): error TS1127: Invalid character.
src/components/kanban-shared/KanbanColumn.tsx(810,1095): error TS1127: Invalid character.
src/components/kanban-shared/KanbanColumn.tsx(810,1096): error TS1127: Invalid character.
src/components/kanban-shared/KanbanColumn.tsx(810,1097): error TS1127: Invalid character.
src/components/kanban-shared/KanbanColumn.tsx(810,1098): error TS1127: Invalid character.
src/components/kanban-shared/KanbanColumn.tsx(810,1099): error TS1127: Invalid character.
src/components/kanban-shared/KanbanColumn.tsx(810,1100): error TS1127: Invalid character.
src/components/kanban-shared/KanbanColumn.tsx(810,1101): error TS1127: Invalid character.
src/components/kanban-shared/KanbanColumn.tsx(810,1102): error TS1127: Invalid character.
src/components/kanban-shared/KanbanColumn.tsx(810,1103): error TS1127: Invalid character.
src/components/kanban-shared/KanbanColumn.tsx(810,1104): error TS1127: Invalid character.
src/components/kanban-shared/KanbanColumn.tsx(810,1105): error TS1127: Invalid character.
src/components/kanban-shared/KanbanColumn.tsx(810,1106): error TS1127: Invalid character.
src/components/kanban-shared/KanbanColumn.tsx(810,1107): error TS1127: Invalid character.
src/components/kanban-shared/KanbanColumn.tsx(810,1108): error TS1127: Invalid character.
src/components/kanban-shared/KanbanColumn.tsx(810,1109): error TS1127: Invalid character.
src/components/kanban-shared/KanbanColumn.tsx(810,1110): error TS1127: Invalid character.
src/components/kanban-shared/KanbanColumn.tsx(810,1111): error TS1127: Invalid character.
src/components/kanban-shared/KanbanColumn.tsx(810,1112): error TS1127: Invalid character.
src/components/kanban-shared/KanbanColumn.tsx(810,1113): error TS1127: Invalid character.
src/components/kanban-shared/KanbanColumn.tsx(810,1114): error TS1127: Invalid character.
src/components/kanban-shared/KanbanColumn.tsx(810,1115): error TS1127: Invalid character.
src/components/kanban-shared/KanbanColumn.tsx(810,1116): error TS1127: Invalid character.
src/components/kanban-shared/KanbanColumn.tsx(810,1117): error TS1127: Invalid character.
src/components/kanban-shared/KanbanColumn.tsx(810,1118): error TS1127: Invalid character.
